Archive member included to satisfy reference by file (symbol)

C:/ST/STM32CubeIDE_1.16.1/STM32CubeIDE/plugins/com.st.stm32cube.ide.mcu.externaltools.gnu-tools-for-stm32.12.3.rel1.win32_1.0.200.202406191623/tools/bin/../lib/gcc/arm-none-eabi/12.3.1/../../../../arm-none-eabi/lib/thumb/v7e-m+fp/hard\libc_nano.a(libc_a-atoi.o)
                              ./Core/Src/Drivers/JDY18_4_NUCLEO_64.o (atoi)
C:/ST/STM32CubeIDE_1.16.1/STM32CubeIDE/plugins/com.st.stm32cube.ide.mcu.externaltools.gnu-tools-for-stm32.12.3.rel1.win32_1.0.200.202406191623/tools/bin/../lib/gcc/arm-none-eabi/12.3.1/../../../../arm-none-eabi/lib/thumb/v7e-m+fp/hard\libc_nano.a(libc_a-exit.o)
                              C:/ST/STM32CubeIDE_1.16.1/STM32CubeIDE/plugins/com.st.stm32cube.ide.mcu.externaltools.gnu-tools-for-stm32.12.3.rel1.win32_1.0.200.202406191623/tools/bin/../lib/gcc/arm-none-eabi/12.3.1/../../../../arm-none-eabi/lib/thumb/v7e-m+fp/hard/crt0.o (exit)
C:/ST/STM32CubeIDE_1.16.1/STM32CubeIDE/plugins/com.st.stm32cube.ide.mcu.externaltools.gnu-tools-for-stm32.12.3.rel1.win32_1.0.200.202406191623/tools/bin/../lib/gcc/arm-none-eabi/12.3.1/../../../../arm-none-eabi/lib/thumb/v7e-m+fp/hard\libc_nano.a(libc_a-strtol.o)
                              C:/ST/STM32CubeIDE_1.16.1/STM32CubeIDE/plugins/com.st.stm32cube.ide.mcu.externaltools.gnu-tools-for-stm32.12.3.rel1.win32_1.0.200.202406191623/tools/bin/../lib/gcc/arm-none-eabi/12.3.1/../../../../arm-none-eabi/lib/thumb/v7e-m+fp/hard\libc_nano.a(libc_a-atoi.o) (_strtol_r)
C:/ST/STM32CubeIDE_1.16.1/STM32CubeIDE/plugins/com.st.stm32cube.ide.mcu.externaltools.gnu-tools-for-stm32.12.3.rel1.win32_1.0.200.202406191623/tools/bin/../lib/gcc/arm-none-eabi/12.3.1/../../../../arm-none-eabi/lib/thumb/v7e-m+fp/hard\libc_nano.a(libc_a-ctype_.o)
                              C:/ST/STM32CubeIDE_1.16.1/STM32CubeIDE/plugins/com.st.stm32cube.ide.mcu.externaltools.gnu-tools-for-stm32.12.3.rel1.win32_1.0.200.202406191623/tools/bin/../lib/gcc/arm-none-eabi/12.3.1/../../../../arm-none-eabi/lib/thumb/v7e-m+fp/hard\libc_nano.a(libc_a-strtol.o) (_ctype_)
C:/ST/STM32CubeIDE_1.16.1/STM32CubeIDE/plugins/com.st.stm32cube.ide.mcu.externaltools.gnu-tools-for-stm32.12.3.rel1.win32_1.0.200.202406191623/tools/bin/../lib/gcc/arm-none-eabi/12.3.1/../../../../arm-none-eabi/lib/thumb/v7e-m+fp/hard\libc_nano.a(libc_a-findfp.o)
                              C:/ST/STM32CubeIDE_1.16.1/STM32CubeIDE/plugins/com.st.stm32cube.ide.mcu.externaltools.gnu-tools-for-stm32.12.3.rel1.win32_1.0.200.202406191623/tools/bin/../lib/gcc/arm-none-eabi/12.3.1/../../../../arm-none-eabi/lib/thumb/v7e-m+fp/hard\libc_nano.a(libc_a-exit.o) (__stdio_exit_handler)
C:/ST/STM32CubeIDE_1.16.1/STM32CubeIDE/plugins/com.st.stm32cube.ide.mcu.externaltools.gnu-tools-for-stm32.12.3.rel1.win32_1.0.200.202406191623/tools/bin/../lib/gcc/arm-none-eabi/12.3.1/../../../../arm-none-eabi/lib/thumb/v7e-m+fp/hard\libc_nano.a(libc_a-fwalk.o)
                              C:/ST/STM32CubeIDE_1.16.1/STM32CubeIDE/plugins/com.st.stm32cube.ide.mcu.externaltools.gnu-tools-for-stm32.12.3.rel1.win32_1.0.200.202406191623/tools/bin/../lib/gcc/arm-none-eabi/12.3.1/../../../../arm-none-eabi/lib/thumb/v7e-m+fp/hard\libc_nano.a(libc_a-findfp.o) (_fwalk_sglue)
C:/ST/STM32CubeIDE_1.16.1/STM32CubeIDE/plugins/com.st.stm32cube.ide.mcu.externaltools.gnu-tools-for-stm32.12.3.rel1.win32_1.0.200.202406191623/tools/bin/../lib/gcc/arm-none-eabi/12.3.1/../../../../arm-none-eabi/lib/thumb/v7e-m+fp/hard\libc_nano.a(libc_a-sprintf.o)
                              ./Core/Src/Drivers/JDY18_4_NUCLEO_64.o (sprintf)
C:/ST/STM32CubeIDE_1.16.1/STM32CubeIDE/plugins/com.st.stm32cube.ide.mcu.externaltools.gnu-tools-for-stm32.12.3.rel1.win32_1.0.200.202406191623/tools/bin/../lib/gcc/arm-none-eabi/12.3.1/../../../../arm-none-eabi/lib/thumb/v7e-m+fp/hard\libc_nano.a(libc_a-stdio.o)
                              C:/ST/STM32CubeIDE_1.16.1/STM32CubeIDE/plugins/com.st.stm32cube.ide.mcu.externaltools.gnu-tools-for-stm32.12.3.rel1.win32_1.0.200.202406191623/tools/bin/../lib/gcc/arm-none-eabi/12.3.1/../../../../arm-none-eabi/lib/thumb/v7e-m+fp/hard\libc_nano.a(libc_a-findfp.o) (__sread)
C:/ST/STM32CubeIDE_1.16.1/STM32CubeIDE/plugins/com.st.stm32cube.ide.mcu.externaltools.gnu-tools-for-stm32.12.3.rel1.win32_1.0.200.202406191623/tools/bin/../lib/gcc/arm-none-eabi/12.3.1/../../../../arm-none-eabi/lib/thumb/v7e-m+fp/hard\libc_nano.a(libc_a-memset.o)
                              C:/ST/STM32CubeIDE_1.16.1/STM32CubeIDE/plugins/com.st.stm32cube.ide.mcu.externaltools.gnu-tools-for-stm32.12.3.rel1.win32_1.0.200.202406191623/tools/bin/../lib/gcc/arm-none-eabi/12.3.1/../../../../arm-none-eabi/lib/thumb/v7e-m+fp/hard/crt0.o (memset)
C:/ST/STM32CubeIDE_1.16.1/STM32CubeIDE/plugins/com.st.stm32cube.ide.mcu.externaltools.gnu-tools-for-stm32.12.3.rel1.win32_1.0.200.202406191623/tools/bin/../lib/gcc/arm-none-eabi/12.3.1/../../../../arm-none-eabi/lib/thumb/v7e-m+fp/hard\libc_nano.a(libc_a-strchr.o)
[...]
Memory Configuration

Name             Origin             Length             Attributes
RAM              0x20000000         0x00020000         xrw
FLASH            0x08000000         0x00080000         xr
*default*        0x00000000         0xffffffff

Linker script and memory map

LOAD C:/ST/STM32CubeIDE_1.16.1/STM32CubeIDE/plugins/com.st.stm32cube.ide.mcu.externaltools.gnu-tools-for-stm32.12.3.rel1.win32_1.0.200.202406191623/tools/bin/../lib/gcc/arm-none-eabi/12.3.1/thumb/v7e-m+fp/hard/crti.o
LOAD C:/ST/STM32CubeIDE_1.16.1/STM32CubeIDE/plugins/com.st.stm32cube.ide.mcu.externaltools.gnu-tools-for-stm32.12.3.rel1.win32_1.0.200.202406191623/tools/bin/../lib/gcc/arm-none-eabi/12.3.1/thumb/v7e-m+fp/hard/crtbegin.o
LOAD C:/ST/STM32CubeIDE_1.16.1/STM32CubeIDE/plugins/com.st.stm32cube.ide.mcu.externaltools.gnu-tools-for-stm32.12.3.rel1.win32_1.0.200.202406191623/tools/bin/../lib/gcc/arm-none-eabi/12.3.1/../../../../arm-none-eabi/lib/thumb/v7e-m+fp/hard/crt0.o
LOAD ./Core/Src/Drivers/HMC5883L_4_NUCLEO_64.o
LOAD ./Core/Src/Drivers/JDY18_4_NUCLEO_64.o
LOAD ./Core/Src/Drivers/L293D4NUCLEO_64.o
LOAD ./Core/Src/Utils/Position.o
LOAD ./Core/Src/Utils/Position_Filter.o
LOAD ./Core/Src/freertos.o
LOAD ./Core/Src/main.o
LOAD ./Core/Src/stm32f4xx_hal_msp.o
LOAD ./Core/Src/stm32f4xx_hal_timebase_tim.o
LOAD ./Core/Src/stm32f4xx_it.o
LOAD ./Core/Src/syscalls.o
LOAD ./Core/Src/sysmem.o
LOAD ./Core/Src/system_stm32f4xx.o
LOAD ./Core/Startup/startup_stm32f446retx.o
LOAD ./Drivers/STM32F4xx_HAL_Driver/Src/stm32f4xx_hal.o
LOAD ./Drivers/STM32F4xx_HAL_Driver/Src/stm32f4xx_hal_cortex.o
LOAD ./Drivers/STM32F4xx_HAL_Driver/Src/stm32f4xx_hal_dma.o
LOAD ./Drivers/STM32F4xx_HAL_Driver/Src/stm32f4xx_hal_dma_ex.o
LOAD ./Drivers/STM32F4xx_HAL_Driver/Src/stm32f4xx_hal_exti.o
LOAD ./Drivers/STM32F4xx_HAL_Driver/Src/stm32f4xx_hal_flash.o
LOAD ./Drivers/STM32F4xx_HAL_Driver/Src/stm32f4xx_hal_flash_ex.o
LOAD ./Drivers/STM32F4xx_HAL_Driver/Src/stm32f4xx_hal_flash_ramfunc.o
LOAD ./Drivers/STM32F4xx_HAL_Driver/Src/stm32f4xx_hal_gpio.o
LOAD ./Drivers/STM32F4xx_HAL_Driver/Src/stm32f4xx_hal_i2c.o
LOAD ./Drivers/STM32F4xx_HAL_Driver/Src/stm32f4xx_hal_i2c_ex.o
LOAD ./Drivers/STM32F4xx_HAL_Driver/Src/stm32f4xx_hal_pwr.o
LOAD ./Drivers/STM32F4xx_HAL_Driver/Src/stm32f4xx_hal_pwr_ex.o
LOAD ./Drivers/STM32F4xx_HAL_Driver/Src/stm32f4xx_hal_rcc.o
LOAD ./Drivers/STM32F4xx_HAL_Driver/Src/stm32f4xx_hal_rcc_ex.o
LOAD ./Drivers/STM32F4xx_HAL_Driver/Src/stm32f4xx_hal_tim.o
LOAD ./Drivers/STM32F4xx_HAL_Driver/Src/stm32f4xx_hal_tim_ex.o
LOAD ./Drivers/STM32F4xx_HAL_Driver/Src/stm32f4xx_hal_uart.o
LOAD ./Middlewares/Third_Party/FreeRTOS/Source/CMSIS_RTOS_V2/cmsis_os2.o
LOAD ./Middlewares/Third_Party/FreeRTOS/Source/croutine.o
LOAD ./Middlewares/Third_Party/FreeRTOS/Source/event_groups.o
LOAD ./Middlewares/Third_Party/FreeRTOS/Source/list.o
LOAD ./Middlewares/Third_Party/FreeRTOS/Source/queue.o
LOAD ./Middlewares/Third_Party/FreeRTOS/Source/stream_buffer.o
LOAD ./Middlewares/Third_Party/FreeRTOS/Source/tasks.o
LOAD ./Middlewares/Third_Party/FreeRTOS/Source/timers.o
LOAD ./Middlewares/Third_Party/FreeRTOS/Source/portable/GCC/ARM_CM4F/port.o
LOAD ./Middlewares/Third_Party/FreeRTOS/Source/portable/MemMang/heap_4.o
START GROUP
LOAD C:/ST/STM32CubeIDE_1.16.1/STM32CubeIDE/plugins/com.st.stm32cube.ide.mcu.externaltools.gnu-tools-for-stm32.12.3.rel1.win32_1.0.200.202406191623/tools/bin/../lib/gcc/arm-none-eabi/12.3.1/../../../../arm-none-eabi/lib/thumb/v7e-m+fp/hard\libc_nano.a
LOAD C:/ST/STM32CubeIDE_1.16.1/STM32CubeIDE/plugins/com.st.stm32cube.ide.mcu.externaltools.gnu-tools-for-stm32.12.3.rel1.win32_1.0.200.202406191623/tools/bin/../lib/gcc/arm-none-eabi/12.3.1/../../../../arm-none-eabi/lib/thumb/v7e-m+fp/hard\libm.a
END GROUP
START GROUP
LOAD C:/ST/STM32CubeIDE_1.16.1/STM32CubeIDE/plugins/com.st.stm32cube.ide.mcu.externaltools.gnu-tools-for-stm32.12.3.rel1.win32_1.0.200.202406191623/tools/bin/../lib/gcc/arm-none-eabi/12.3.1/thumb/v7e-m+fp/hard\libgcc.a
LOAD C:/ST/STM32CubeIDE_1.16.1/STM32CubeIDE/plugins/com.st.stm32cube.ide.mcu.externaltools.gnu-tools-for-stm32.12.3.rel1.win32_1.0.200.202406191623/tools/bin/../lib/gcc/arm-none-eabi/12.3.1/../../../../arm-none-eabi/lib/thumb/v7e-m+fp/hard\libc_nano.a
END GROUP
START GROUP
LOAD C:/ST/STM32CubeIDE_1.16.1/STM32CubeIDE/plugins/com.st.stm32cube.ide.mcu.externaltools.gnu-tools-for-stm32.12.3.rel1.win32_1.0.200.202406191623/tools/bin/../lib/gcc/arm-none-eabi/12.3.1/thumb/v7e-m+fp/hard\libgcc.a
LOAD C:/ST/STM32CubeIDE_1.16.1/STM32CubeIDE/plugins/com.st.stm32cube.ide.mcu.externaltools.gnu-tools-for-stm32.12.3.rel1.win32_1.0.200.202406191623/tools/bin/../lib/gcc/arm-none-eabi/12.3.1/../../../../arm-none-eabi/lib/thumb/v7e-m+fp/hard\libc_nano.a
LOAD C:/ST/STM32CubeIDE_1.16.1/STM32CubeIDE/plugins/com.st.stm32cube.ide.mcu.externaltools.gnu-tools-for-stm32.12.3.rel1.win32_1.0.200.202406191623/tools/bin/../lib/gcc/arm-none-eabi/12.3.1/../../../../arm-none-eabi/lib/thumb/v7e-m+fp/hard\libnosys.a
END GROUP
START GROUP
LOAD C:/ST/STM32CubeIDE_1.16.1/STM32CubeIDE/plugins/com.st.stm32cube.ide.mcu.externaltools.gnu-tools-for-stm32.12.3.rel1.win32_1.0.200.202406191623/tools/bin/../lib/gcc/arm-none-eabi/12.3.1/thumb/v7e-m+fp/hard\libgcc.a
LOAD C:/ST/STM32CubeIDE_1.16.1/STM32CubeIDE/plugins/com.st.stm32cube.ide.mcu.externaltools.gnu-tools-for-stm32.12.3.rel1.win32_1.0.200.202406191623/tools/bin/../lib/gcc/arm-none-eabi/12.3.1/../../../../arm-none-eabi/lib/thumb/v7e-m+fp/hard\libc_nano.a
LOAD C:/ST/STM32CubeIDE_1.16.1/STM32CubeIDE/plugins/com.st.stm32cube.ide.mcu.externaltools.gnu-tools-for-stm32.12.3.rel1.win32_1.0.200.202406191623/tools/bin/../lib/gcc/arm-none-eabi/12.3.1/../../../../arm-none-eabi/lib/thumb/v7e-m+fp/hard\libnosys.a
END GROUP
LOAD C:/ST/STM32CubeIDE_1.16.1/STM32CubeIDE/plugins/com.st.stm32cube.ide.mcu.externaltools.gnu-tools-for-stm32.12.3.rel1.win32_1.0.200.202406191623/tools/bin/../lib/gcc/arm-none-eabi/12.3.1/thumb/v7e-m+fp/hard/crtend.o
LOAD C:/ST/STM32CubeIDE_1.16.1/STM32CubeIDE/plugins/com.st.stm32cube.ide.mcu.externaltools.gnu-tools-for-stm32.12.3.rel1.win32_1.0.200.202406191623/tools/bin/../lib/gcc/arm-none-eabi/12.3.1/thumb/v7e-m+fp/hard/crtn.o
                0x20020000                        _estack = (ORIGIN (RAM) + LENGTH (RAM))
                0x00000200                        _Min_Heap_Size = 0x200
                0x00000400                        _Min_Stack_Size = 0x400

.isr_vector     0x08000000      0x1c4
                0x08000000                        . = ALIGN (0x4)
 *(.isr_vector)
 .isr_vector    0x08000000      0x1c4 ./Core/Startup/startup_stm32f446retx.o
                0x08000000                g_pfnVectors
                0x080001c4                        . = ALIGN (0x4)

.text           0x080001d0     0xc2ac
                0x080001d0                        . = ALIGN (0x4)
 *(.text)
 .text          0x080001d0       0x40 C:/ST/STM32CubeIDE_1.16.1/STM32CubeIDE/plugins/com.st.stm32cube.ide.mcu.externaltools.gnu-tools-for-stm32.12.3.rel1.win32_1.0.200.202406191623/tools/bin/../lib/gcc/arm-none-eabi/12.3.1/thumb/v7e-m+fp/hard/crtbegin.o
 .text          0x08000210       0x10 C:/ST/STM32CubeIDE_1.16.1/STM32CubeIDE/plugins/com.st.stm32cube.ide.mcu.externaltools.gnu-tools-for-stm32.12.3.rel1.win32_1.0.200.202406191623/tools/bin/../lib/gcc/arm-none-eabi/12.3.1/../../../../arm-none-eabi/lib/thumb/v7e-m+fp/hard\libc_nano.a(libc_a-strlen.o)
                0x08000210                strlen
 .text          0x08000220       0xa0 C:/ST/STM32CubeIDE_1.16.1/STM32CubeIDE/plugins/com.st.stm32cube.ide.mcu.externaltools.gnu-tools-for-stm32.12.3.rel1.win32_1.0.200.202406191623/tools/bin/../lib/gcc/arm-none-eabi/12.3.1/../../../../arm-none-eabi/lib/thumb/v7e-m+fp/hard\libc_nano.a(libc_a-memchr.o)
                0x08000220                memchr
 .text          0x080002c0      0x378 C:/ST/STM32CubeIDE_1.16.1/STM32CubeIDE/plugins/com.st.stm32cube.ide.mcu.externaltools.gnu-tools-for-stm32.12.3.rel1.win32_1.0.200.202406191623/tools/bin/../lib/gcc/arm-none-eabi/12.3.1/thumb/v7e-m+fp/hard\libgcc.a(_arm_addsubdf3.o)
                0x080002c0                __aeabi_drsub
                0x080002c8                __aeabi_dsub
                0x080002c8                __subdf3
                0x080002cc                __aeabi_dadd
                0x080002cc                __adddf3
                0x08000544                __floatunsidf
                0x08000544                __aeabi_ui2d
                0x08000564                __floatsidf
                0x08000564                __aeabi_i2d
                0x08000588                __aeabi_f2d
                0x08000588                __extendsfdf2
                0x080005cc                __floatundidf
                0x080005cc                __aeabi_ul2d
                0x080005dc                __floatdidf
                0x080005dc                __aeabi_l2d
 .text          0x08000638      0x424 C:/ST/STM32CubeIDE_1.16.1/STM32CubeIDE/plugins/com.st.stm32cube.ide.mcu.externaltools.gnu-tools-for-stm32.12.3.rel1.win32_1.0.200.202406191623/tools/bin/../lib/gcc/arm-none-eabi/12.3.1/thumb/v7e-m+fp/hard\libgcc.a(_arm_muldivdf3.o)
                0x08000638                __aeabi_dmul
                0x08000638                __muldf3
                0x0800088c                __divdf3
                0x0800088c                __aeabi_ddiv
 .text          0x08000a5c      0x110 C:/ST/STM32CubeIDE_1.16.1/STM32CubeIDE/plugins/com.st.stm32cube.ide.mcu.externaltools.gnu-tools-for-stm32.12.3.rel1.win32_1.0.200.202406191623/tools/bin/../lib/gcc/arm-none-eabi/12.3.1/thumb/v7e-m+fp/hard\libgcc.a(_arm_cmpdf2.o)
                0x08000a5c                __gtdf2
                0x08000a5c                __gedf2
                0x08000a64                __ltdf2
                0x08000a64                __ledf2
                0x08000a6c                __nedf2
                0x08000a6c                __eqdf2
                0x08000a6c                __cmpdf2
                0x08000ae8                __aeabi_cdrcmple
                0x08000af8                __aeabi_cdcmpeq
                0x08000af8                __aeabi_cdcmple
                0x08000b08                __aeabi_dcmpeq
                0x08000b1c                __aeabi_dcmplt
                0x08000b30                __aeabi_dcmple
                0x08000b44                __aeabi_dcmpge
                0x08000b58                __aeabi_dcmpgt
 .text          0x08000b6c       0x2c C:/ST/STM32CubeIDE_1.16.1/STM32CubeIDE/plugins/com.st.stm32cube.ide.mcu.externaltools.gnu-tools-for-stm32.12.3.rel1.win32_1.0.200.202406191623/tools/bin/../lib/gcc/arm-none-eabi/12.3.1/thumb/v7e-m+fp/hard\libgcc.a(_arm_unorddf2.o)
                0x08000b6c                __unorddf2
                0x08000b6c                __aeabi_dcmpun
 .text          0x08000b98       0x40 C:/ST/STM32CubeIDE_1.16.1/STM32CubeIDE/plugins/com.st.stm32cube.ide.mcu.externaltools.gnu-tools-for-stm32.12.3.rel1.win32_1.0.200.202406191623/tools/bin/../lib/gcc/arm-none-eabi/12.3.1/thumb/v7e-m+fp/hard\libgcc.a(_arm_fixunsdfsi.o)
                0x08000b98                __aeabi_d2uiz
                0x08000b98                __fixunsdfsi
 .text          0x08000bd8       0xa0 C:/ST/STM32CubeIDE_1.16.1/STM32CubeIDE/plugins/com.st.stm32cube.ide.mcu.externaltools.gnu-tools-for-stm32.12.3.rel1.win32_1.0.200.202406191623/tools/bin/../lib/gcc/arm-none-eabi/12.3.1/thumb/v7e-m+fp/hard\libgcc.a(_arm_truncdfsf2.o)
                0x08000bd8                __truncdfsf2
                0x08000bd8                __aeabi_d2f
 .text          0x08000c78       0x30 C:/ST/STM32CubeIDE_1.16.1/STM32CubeIDE/plugins/com.st.stm32cube.ide.mcu.externaltools.gnu-tools-for-stm32.12.3.rel1.win32_1.0.200.202406191623/tools/bin/../lib/gcc/arm-none-eabi/12.3.1/thumb/v7e-m+fp/hard\libgcc.a(_aeabi_uldivmod.o)
                0x08000c78                __aeabi_uldivmod
 .text          0x08000ca8      0x2bc C:/ST/STM32CubeIDE_1.16.1/STM32CubeIDE/plugins/com.st.stm32cube.ide.mcu.externaltools.gnu-tools-for-stm32.12.3.rel1.win32_1.0.200.202406191623/tools/bin/../lib/gcc/arm-none-eabi/12.3.1/thumb/v7e-m+fp/hard\libgcc.a(_udivmoddi4.o)
                0x08000ca8                __udivmoddi4
 .text          0x08000f64        0x4 C:/ST/STM32CubeIDE_1.16.1/STM32CubeIDE/plugins/com.st.stm32cube.ide.mcu.externaltools.gnu-tools-for-stm32.12.3.rel1.win32_1.0.200.202406191623/tools/bin/../lib/gcc/arm-none-eabi/12.3.1/thumb/v7e-m+fp/hard\libgcc.a(_dvmd_tls.o)
                0x08000f64                __aeabi_idiv0
                0x08000f64                __aeabi_ldiv0
 *(.text*)
 .text.HMC5883L_Init
                0x08000f68       0x78 ./Core/Src/Drivers/HMC5883L_4_NUCLEO_64.o
                0x08000f68                HMC5883L_Init
 .text.meanData
                0x08000fe0       0x4e ./Core/Src/Drivers/HMC5883L_4_NUCLEO_64.o
                0x08000fe0                meanData
 .text.FilterData
                0x0800102e       0x7a ./Core/Src/Drivers/HMC5883L_4_NUCLEO_64.o
                0x0800102e                FilterData
 .text.CompassReadAxis
                0x080010a8       0x96 ./Core/Src/Drivers/HMC5883L_4_NUCLEO_64.o
                0x080010a8                CompassReadAxis
 *fill*         0x0800113e        0x2 
 .text.VectorToAngle
                0x08001140       0x8c ./Core/Src/Drivers/HMC5883L_4_NUCLEO_64.o
                0x08001140                VectorToAngle
 .text.getDirectionBoat
                0x080011cc       0x7a ./Core/Src/Drivers/HMC5883L_4_NUCLEO_64.o
                0x080011cc                getDirectionBoat
 *fill*         0x08001246        0x2 
 .text.JDY18Driver_Init
                0x08001248       0xb0 ./Core/Src/Drivers/JDY18_4_NUCLEO_64.o
                0x08001248                JDY18Driver_Init
 .text.JDY18Driver_SendData
                0x080012f8       0x50 ./Core/Src/Drivers/JDY18_4_NUCLEO_64.o
                0x080012f8                JDY18Driver_SendData
 .text.JDY18Driver_SetPerm
                0x08001348       0x48 ./Core/Src/Drivers/JDY18_4_NUCLEO_64.o
                0x08001348                JDY18Driver_SetPerm
 .text.JDY18Driver_SetName
                0x08001390       0x48 ./Core/Src/Drivers/JDY18_4_NUCLEO_64.o
                0x08001390                JDY18Driver_SetName
 .text.JDY18Driver_SetBaudRate
                0x080013d8       0x4c ./Core/Src/Drivers/JDY18_4_NUCLEO_64.o
                0x080013d8                JDY18Driver_SetBaudRate
 .text.JDY18Driver_SetRole
                0x08001424       0x4c ./Core/Src/Drivers/JDY18_4_NUCLEO_64.o
                0x08001424                JDY18Driver_SetRole
 .text.JDY18Driver_SetParity
                0x08001470       0x4c ./Core/Src/Drivers/JDY18_4_NUCLEO_64.o
                0x08001470                JDY18Driver_SetParity
 .text.JDY18Driver_SetStopBit
                0x080014bc       0x4c ./Core/Src/Drivers/JDY18_4_NUCLEO_64.o
                0x080014bc                JDY18Driver_SetStopBit
 .text.JDY18Driver_InquireDevices
                0x08001508       0x48 ./Core/Src/Drivers/JDY18_4_NUCLEO_64.o
                0x08001508                JDY18Driver_InquireDevices
 .text.JDY18Driver_GetScannedDevices
                0x08001550       0x28 ./Core/Src/Drivers/JDY18_4_NUCLEO_64.o
                0x08001550                JDY18Driver_GetScannedDevices
 .text.JDY18Driver_LoadDeviceInfo
                0x08001578      0x11a ./Core/Src/Drivers/JDY18_4_NUCLEO_64.o
                0x08001578                JDY18Driver_LoadDeviceInfo
 *fill*         0x08001692        0x2 
 .text.JDY18Driver_ParseScanResponse
                0x08001694       0xb4 ./Core/Src/Drivers/JDY18_4_NUCLEO_64.o
                0x08001694                JDY18Driver_ParseScanResponse
 .text.HAL_UART_RxCpltCallback
                0x08001748       0x74 ./Core/Src/Drivers/JDY18_4_NUCLEO_64.o
                0x08001748                HAL_UART_RxCpltCallback
 *fill*         0x080017bc        0x4 
 .text.SG90_handlePulse
                0x080017c0       0xd0 ./Core/Src/Drivers/L293D4NUCLEO_64.o
                0x080017c0                SG90_handlePulse
 .text.SG90_SetPWM
                0x08001890       0x76 ./Core/Src/Drivers/L293D4NUCLEO_64.o
                0x08001890                SG90_SetPWM
 *fill*         0x08001906        0x2 
 .text.SG90_handleAngle
                0x08001908       0x6c ./Core/Src/Drivers/L293D4NUCLEO_64.o
                0x08001908                SG90_handleAngle
 *fill*         0x08001974        0x4 
 .text.SG90_angle2Pulse
                0x08001978       0x6c ./Core/Src/Drivers/L293D4NUCLEO_64.o
                0x08001978                SG90_angle2Pulse
 .text.SG90_Update
                0x080019e4       0x76 ./Core/Src/Drivers/L293D4NUCLEO_64.o
                0x080019e4                SG90_Update
 *fill*         0x08001a5a        0x6 
 .text.LocationService_Init
                0x08001a60      0x1f0 ./Core/Src/Utils/Position.o
                0x08001a60                LocationService_Init
 .text.LocationService_CalculateDistance
                0x08001c50       0x5c ./Core/Src/Utils/Position.o
                0x08001c50                LocationService_CalculateDistance
 *fill*         0x08001cac        0x4 
 .text.LocationService_UpdateLocation
                0x08001cb0      0x370 ./Core/Src/Utils/Position.o
                0x08001cb0                LocationService_UpdateLocation
 .text.LocationService_GetArrivalAngle
                0x08002020       0x9c ./Core/Src/Utils/Position.o
                0x08002020                LocationService_GetArrivalAngle
 .text.LocationService_IsInDestiny
                0x080020bc       0x5c ./Core/Src/Utils/Position.o
                0x080020bc                LocationService_IsInDestiny
 .text.DataFilterService_InitBuffer
                0x08002118       0x28 ./Core/Src/Utils/Position_Filter.o
                0x08002118                DataFilterService_InitBuffer
 .text.DataFilterService_MovingAverage
                0x08002140       0x9c ./Core/Src/Utils/Position_Filter.o
                0x08002140                DataFilterService_MovingAverage
 .text.main     0x080021dc       0xc8 ./Core/Src/main.o
                0x080021dc                main
 .text.SystemClock_Config
                0x080022a4       0xc0 ./Core/Src/main.o
                0x080022a4                SystemClock_Config
 .text.MX_I2C1_Init
                0x08002364       0x5c ./Core/Src/main.o
 .text.MX_TIM3_Init
                0x080023c0       0xb4 ./Core/Src/main.o
 .text.MX_TIM4_Init
                0x08002474       0xb4 ./Core/Src/main.o
 .text.MX_USART2_UART_Init
                0x08002528       0x54 ./Core/Src/main.o
 .text.MX_USART3_UART_Init
                0x0800257c       0x54 ./Core/Src/main.o
 .text.MX_DMA_Init
                0x080025d0       0x40 ./Core/Src/main.o
 .text.MX_GPIO_Init
                0x08002610       0xd0 ./Core/Src/main.o
 .text.StartDefaultTask
                0x080026e0       0x10 ./Core/Src/main.o
                0x080026e0                StartDefaultTask
 .text.executeControl
                0x080026f0      0x118 ./Core/Src/main.o
                0x080026f0                executeControl
 .text.calculatePosition
                0x08002808       0x90 ./Core/Src/main.o
                0x08002808                calculatePosition
 .text.HAL_TIM_PeriodElapsedCallback
                0x08002898       0x1e ./Core/Src/main.o
                0x08002898                HAL_TIM_PeriodElapsedCallback
 .text.Error_Handler
                0x080028b6        0xc ./Core/Src/main.o
                0x080028b6                Error_Handler
 *fill*         0x080028c2        0x2 
 .text.HAL_MspInit
                0x080028c4       0x58 ./Core/Src/stm32f4xx_hal_msp.o
                0x080028c4                HAL_MspInit
 .text.HAL_I2C_MspInit
                0x0800291c       0x90 ./Core/Src/stm32f4xx_hal_msp.o
                0x0800291c                HAL_I2C_MspInit
 .text.HAL_TIM_PWM_MspInit
                0x080029ac       0x70 ./Core/Src/stm32f4xx_hal_msp.o
                0x080029ac                HAL_TIM_PWM_MspInit
 .text.HAL_TIM_MspPostInit
                0x08002a1c       0xc4 ./Core/Src/stm32f4xx_hal_msp.o
                0x08002a1c                HAL_TIM_MspPostInit
 .text.HAL_UART_MspInit
                0x08002ae0      0x1a0 ./Core/Src/stm32f4xx_hal_msp.o
                0x08002ae0                HAL_UART_MspInit
 .text.HAL_InitTick
                0x08002c80       0xf8 ./Core/Src/stm32f4xx_hal_timebase_tim.o
                0x08002c80                HAL_InitTick
 .text.NMI_Handler
                0x08002d78        0x8 ./Core/Src/stm32f4xx_it.o
                0x08002d78                NMI_Handler
 .text.HardFault_Handler
                0x08002d80        0x8 ./Core/Src/stm32f4xx_it.o
                0x08002d80                HardFault_Handler
 .text.MemManage_Handler
                0x08002d88        0x8 ./Core/Src/stm32f4xx_it.o
                0x08002d88                MemManage_Handler
 .text.BusFault_Handler
                0x08002d90        0x8 ./Core/Src/stm32f4xx_it.o
                0x08002d90                BusFault_Handler
 .text.UsageFault_Handler
                0x08002d98        0x8 ./Core/Src/stm32f4xx_it.o
                0x08002d98                UsageFault_Handler
 .text.DebugMon_Handler
                0x08002da0        0xe ./Core/Src/stm32f4xx_it.o
                0x08002da0                DebugMon_Handler
 *fill*         0x08002dae        0x2 
 .text.DMA1_Stream1_IRQHandler
                0x08002db0       0x14 ./Core/Src/stm32f4xx_it.o
                0x08002db0                DMA1_Stream1_IRQHandler
 .text.TIM2_IRQHandler
                0x08002dc4       0x14 ./Core/Src/stm32f4xx_it.o
                0x08002dc4                TIM2_IRQHandler
 .text._sbrk    0x08002dd8       0x6c ./Core/Src/sysmem.o
                0x08002dd8                _sbrk
 .text.SystemInit
                0x08002e44       0x24 ./Core/Src/system_stm32f4xx.o
                0x08002e44                SystemInit
 .text.Reset_Handler
                0x08002e68       0x50 ./Core/Startup/startup_stm32f446retx.o
                0x08002e68                Reset_Handler
 .text.Default_Handler
                0x08002eb8        0x2 ./Core/Startup/startup_stm32f446retx.o
                0x08002eb8                RTC_Alarm_IRQHandler
                0x08002eb8                EXTI2_IRQHandler
                0x08002eb8                TIM8_CC_IRQHandler
                0x08002eb8                FMPI2C1_EV_IRQHandler
                0x08002eb8                SPI4_IRQHandler
                0x08002eb8                TIM1_CC_IRQHandler
                0x08002eb8                DMA2_Stream5_IRQHandler
                0x08002eb8                DMA1_Stream5_IRQHandler
                0x08002eb8                PVD_IRQHandler
                0x08002eb8                SDIO_IRQHandler
                0x08002eb8                TAMP_STAMP_IRQHandler
                0x08002eb8                CAN2_RX1_IRQHandler
                0x08002eb8                EXTI3_IRQHandler
                0x08002eb8                TIM8_TRG_COM_TIM14_IRQHandler
                0x08002eb8                TIM1_UP_TIM10_IRQHandler
                0x08002eb8                TIM8_UP_TIM13_IRQHandler
                0x08002eb8                I2C3_ER_IRQHandler
                0x08002eb8                EXTI0_IRQHandler
                0x08002eb8                I2C2_EV_IRQHandler
                0x08002eb8                DMA1_Stream2_IRQHandler
                0x08002eb8                CAN1_RX0_IRQHandler
                0x08002eb8                FPU_IRQHandler
                0x08002eb8                OTG_HS_WKUP_IRQHandler
                0x08002eb8                CAN2_SCE_IRQHandler
                0x08002eb8                DMA2_Stream2_IRQHandler
                0x08002eb8                SPI1_IRQHandler
                0x08002eb8                TIM6_DAC_IRQHandler
                0x08002eb8                TIM1_BRK_TIM9_IRQHandler
                0x08002eb8                DCMI_IRQHandler
                0x08002eb8                CAN2_RX0_IRQHandler
                0x08002eb8                DMA2_Stream3_IRQHandler
                0x08002eb8                SAI2_IRQHandler
                0x08002eb8                USART6_IRQHandler
                0x08002eb8                USART3_IRQHandler
                0x08002eb8                CAN1_RX1_IRQHandler
                0x08002eb8                UART5_IRQHandler
                0x08002eb8                DMA2_Stream0_IRQHandler
                0x08002eb8                TIM4_IRQHandler
                0x08002eb8                QUADSPI_IRQHandler
                0x08002eb8                I2C1_EV_IRQHandler
                0x08002eb8                DMA1_Stream6_IRQHandler
                0x08002eb8                UART4_IRQHandler
                0x08002eb8                TIM3_IRQHandler
                0x08002eb8                RCC_IRQHandler
                0x08002eb8                TIM8_BRK_TIM12_IRQHandler
                0x08002eb8                Default_Handler
                0x08002eb8                CEC_IRQHandler
                0x08002eb8                EXTI15_10_IRQHandler
                0x08002eb8                ADC_IRQHandler
                0x08002eb8                DMA1_Stream7_IRQHandler
                0x08002eb8                TIM7_IRQHandler
                0x08002eb8                CAN2_TX_IRQHandler
                0x08002eb8                TIM5_IRQHandler
                0x08002eb8                DMA2_Stream7_IRQHandler
                0x08002eb8                I2C3_EV_IRQHandler
                0x08002eb8                EXTI9_5_IRQHandler
                0x08002eb8                RTC_WKUP_IRQHandler
                0x08002eb8                SPDIF_RX_IRQHandler
                0x08002eb8                SPI2_IRQHandler
                0x08002eb8                OTG_HS_EP1_IN_IRQHandler
                0x08002eb8                DMA1_Stream0_IRQHandler
                0x08002eb8                CAN1_TX_IRQHandler
                0x08002eb8                FMPI2C1_ER_IRQHandler
                0x08002eb8                EXTI4_IRQHandler
                0x08002eb8                OTG_HS_EP1_OUT_IRQHandler
                0x08002eb8                WWDG_IRQHandler
                0x08002eb8                OTG_FS_WKUP_IRQHandler
                0x08002eb8                TIM1_TRG_COM_TIM11_IRQHandler
                0x08002eb8                OTG_HS_IRQHandler
                0x08002eb8                EXTI1_IRQHandler
                0x08002eb8                USART2_IRQHandler
                0x08002eb8                I2C2_ER_IRQHandler
                0x08002eb8                DMA2_Stream1_IRQHandler
                0x08002eb8                CAN1_SCE_IRQHandler
                0x08002eb8                FLASH_IRQHandler
                0x08002eb8                DMA2_Stream4_IRQHandler
                0x08002eb8                USART1_IRQHandler
                0x08002eb8                OTG_FS_IRQHandler
                0x08002eb8                SPI3_IRQHandler
                0x08002eb8                DMA1_Stream4_IRQHandler
                0x08002eb8                I2C1_ER_IRQHandler
                0x08002eb8                FMC_IRQHandler
                0x08002eb8                DMA2_Stream6_IRQHandler
                0x08002eb8                SAI1_IRQHandler
                0x08002eb8                DMA1_Stream3_IRQHandler
 *fill*         0x08002eba        0x2 
 .text.HAL_Init
                0x08002ebc       0x44 ./Drivers/STM32F4xx_HAL_Driver/Src/stm32f4xx_hal.o
                0x08002ebc                HAL_Init
 .text.HAL_IncTick
                0x08002f00       0x28 ./Drivers/STM32F4xx_HAL_Driver/Src/stm32f4xx_hal.o
                0x08002f00                HAL_IncTick
 .text.HAL_GetTick
                0x08002f28       0x18 ./Drivers/STM32F4xx_HAL_Driver/Src/stm32f4xx_hal.o
                0x08002f28                HAL_GetTick
 .text.HAL_Delay
                0x08002f40       0x48 ./Drivers/STM32F4xx_HAL_Driver/Src/stm32f4xx_hal.o
                0x08002f40                HAL_Delay
 .text.__NVIC_SetPriorityGrouping
                0x08002f88       0x48 ./Drivers/STM32F4xx_HAL_Driver/Src/stm32f4xx_hal_cortex.o
 .text.__NVIC_GetPriorityGrouping
                0x08002fd0       0x1c ./Drivers/STM32F4xx_HAL_Driver/Src/stm32f4xx_hal_cortex.o
 .text.__NVIC_EnableIRQ
                0x08002fec       0x3c ./Drivers/STM32F4xx_HAL_Driver/Src/stm32f4xx_hal_cortex.o
 .text.__NVIC_SetPriority
                0x08003028       0x54 ./Drivers/STM32F4xx_HAL_Driver/Src/stm32f4xx_hal_cortex.o
 .text.NVIC_EncodePriority
                0x0800307c       0x66 ./Drivers/STM32F4xx_HAL_Driver/Src/stm32f4xx_hal_cortex.o
 .text.HAL_NVIC_SetPriorityGrouping
                0x080030e2       0x16 ./Drivers/STM32F4xx_HAL_Driver/Src/stm32f4xx_hal_cortex.o
                0x080030e2                HAL_NVIC_SetPriorityGrouping
 .text.HAL_NVIC_SetPriority
                0x080030f8       0x38 ./Drivers/STM32F4xx_HAL_Driver/Src/stm32f4xx_hal_cortex.o
                0x080030f8                HAL_NVIC_SetPriority
 .text.HAL_NVIC_EnableIRQ
                0x08003130       0x1c ./Drivers/STM32F4xx_HAL_Driver/Src/stm32f4xx_hal_cortex.o
                0x08003130                HAL_NVIC_EnableIRQ
 .text.HAL_DMA_Init
                0x0800314c      0x15c ./Drivers/STM32F4xx_HAL_Driver/Src/stm32f4xx_hal_dma.o
                0x0800314c                HAL_DMA_Init
 .text.HAL_DMA_Start_IT
                0x080032a8       0xb0 ./Drivers/STM32F4xx_HAL_Driver/Src/stm32f4xx_hal_dma.o
                0x080032a8                HAL_DMA_Start_IT
 .text.HAL_DMA_Abort
                0x08003358       0xe0 ./Drivers/STM32F4xx_HAL_Driver/Src/stm32f4xx_hal_dma.o
                0x08003358                HAL_DMA_Abort
 .text.HAL_DMA_IRQHandler
                0x08003438      0x314 ./Drivers/STM32F4xx_HAL_Driver/Src/stm32f4xx_hal_dma.o
                0x08003438                HAL_DMA_IRQHandler
 .text.DMA_SetConfig
                0x0800374c       0x5c ./Drivers/STM32F4xx_HAL_Driver/Src/stm32f4xx_hal_dma.o
 .text.DMA_CalcBaseAndBitshift
                0x080037a8       0x6c ./Drivers/STM32F4xx_HAL_Driver/Src/stm32f4xx_hal_dma.o
 .text.DMA_CheckFifoParam
                0x08003814       0xf8 ./Drivers/STM32F4xx_HAL_Driver/Src/stm32f4xx_hal_dma.o
 .text.HAL_GPIO_Init
                0x0800390c      0x328 ./Drivers/STM32F4xx_HAL_Driver/Src/stm32f4xx_hal_gpio.o
                0x0800390c                HAL_GPIO_Init
 .text.HAL_GPIO_WritePin
                0x08003c34       0x32 ./Drivers/STM32F4xx_HAL_Driver/Src/stm32f4xx_hal_gpio.o
                0x08003c34                HAL_GPIO_WritePin
 *fill*         0x08003c66        0x2 
 .text.HAL_I2C_Init
                0x08003c68      0x288 ./Drivers/STM32F4xx_HAL_Driver/Src/stm32f4xx_hal_i2c.o
                0x08003c68                HAL_I2C_Init
 .text.HAL_I2C_Mem_Write
                0x08003ef0      0x1f4 ./Drivers/STM32F4xx_HAL_Driver/Src/stm32f4xx_hal_i2c.o
                0x08003ef0                HAL_I2C_Mem_Write
 .text.HAL_I2C_Mem_Read
                0x080040e4      0x464 ./Drivers/STM32F4xx_HAL_Driver/Src/stm32f4xx_hal_i2c.o
                0x080040e4                HAL_I2C_Mem_Read
 .text.I2C_RequestMemoryWrite
                0x08004548      0x12c ./Drivers/STM32F4xx_HAL_Driver/Src/stm32f4xx_hal_i2c.o
 .text.I2C_RequestMemoryRead
                0x08004674      0x1d0 ./Drivers/STM32F4xx_HAL_Driver/Src/stm32f4xx_hal_i2c.o
 .text.I2C_WaitOnFlagUntilTimeout
                0x08004844       0xf4 ./Drivers/STM32F4xx_HAL_Driver/Src/stm32f4xx_hal_i2c.o
 .text.I2C_WaitOnMasterAddressFlagUntilTimeout
                0x08004938      0x140 ./Drivers/STM32F4xx_HAL_Driver/Src/stm32f4xx_hal_i2c.o
 .text.I2C_WaitOnTXEFlagUntilTimeout
                0x08004a78       0x90 ./Drivers/STM32F4xx_HAL_Driver/Src/stm32f4xx_hal_i2c.o
 .text.I2C_WaitOnBTFFlagUntilTimeout
                0x08004b08       0x90 ./Drivers/STM32F4xx_HAL_Driver/Src/stm32f4xx_hal_i2c.o
 .text.I2C_WaitOnRXNEFlagUntilTimeout
                0x08004b98       0xba ./Drivers/STM32F4xx_HAL_Driver/Src/stm32f4xx_hal_i2c.o
 .text.I2C_IsAcknowledgeFailed
                0x08004c52       0x5e ./Drivers/STM32F4xx_HAL_Driver/Src/stm32f4xx_hal_i2c.o
 .text.HAL_RCC_ClockConfig
                0x08004cb0      0x1cc ./Drivers/STM32F4xx_HAL_Driver/Src/stm32f4xx_hal_rcc.o
                0x08004cb0                HAL_RCC_ClockConfig
 .text.HAL_RCC_GetHCLKFreq
                0x08004e7c       0x18 ./Drivers/STM32F4xx_HAL_Driver/Src/stm32f4xx_hal_rcc.o
                0x08004e7c                HAL_RCC_GetHCLKFreq
 .text.HAL_RCC_GetPCLK1Freq
                0x08004e94       0x28 ./Drivers/STM32F4xx_HAL_Driver/Src/stm32f4xx_hal_rcc.o
                0x08004e94                HAL_RCC_GetPCLK1Freq
 .text.HAL_RCC_GetPCLK2Freq
                0x08004ebc       0x28 ./Drivers/STM32F4xx_HAL_Driver/Src/stm32f4xx_hal_rcc.o
                0x08004ebc                HAL_RCC_GetPCLK2Freq
 .text.HAL_RCC_GetClockConfig
                0x08004ee4       0x64 ./Drivers/STM32F4xx_HAL_Driver/Src/stm32f4xx_hal_rcc.o
                0x08004ee4                HAL_RCC_GetClockConfig
 .text.HAL_RCC_GetSysClockFreq
                0x08004f48      0x354 ./Drivers/STM32F4xx_HAL_Driver/Src/stm32f4xx_hal_rcc_ex.o
                0x08004f48                HAL_RCC_GetSysClockFreq
 .text.HAL_RCC_OscConfig
                0x0800529c      0x53c ./Drivers/STM32F4xx_HAL_Driver/Src/stm32f4xx_hal_rcc_ex.o
                0x0800529c                HAL_RCC_OscConfig
 .text.HAL_TIM_Base_Init
                0x080057d8       0x9e ./Drivers/STM32F4xx_HAL_Driver/Src/stm32f4xx_hal_tim.o
                0x080057d8                HAL_TIM_Base_Init
 .text.HAL_TIM_Base_MspInit
                0x08005876       0x14 ./Drivers/STM32F4xx_HAL_Driver/Src/stm32f4xx_hal_tim.o
                0x08005876                HAL_TIM_Base_MspInit
 *fill*         0x0800588a        0x2 
 .text.HAL_TIM_Base_Start_IT
                0x0800588c       0xe0 ./Drivers/STM32F4xx_HAL_Driver/Src/stm32f4xx_hal_tim.o
                0x0800588c                HAL_TIM_Base_Start_IT
 .text.HAL_TIM_PWM_Init
                0x0800596c       0x9e ./Drivers/STM32F4xx_HAL_Driver/Src/stm32f4xx_hal_tim.o
                0x0800596c                HAL_TIM_PWM_Init
 *fill*         0x08005a0a        0x2 
 .text.HAL_TIM_PWM_Start
                0x08005a0c      0x190 ./Drivers/STM32F4xx_HAL_Driver/Src/stm32f4xx_hal_tim.o
                0x08005a0c                HAL_TIM_PWM_Start
 .text.HAL_TIM_PWM_Stop
                0x08005b9c       0xe0 ./Drivers/STM32F4xx_HAL_Driver/Src/stm32f4xx_hal_tim.o
                0x08005b9c                HAL_TIM_PWM_Stop
 .text.HAL_TIM_IRQHandler
                0x08005c7c      0x1e0 ./Drivers/STM32F4xx_HAL_Driver/Src/stm32f4xx_hal_tim.o
                0x08005c7c                HAL_TIM_IRQHandler
 .text.HAL_TIM_PWM_ConfigChannel
                0x08005e5c      0x184 ./Drivers/STM32F4xx_HAL_Driver/Src/stm32f4xx_hal_tim.o
                0x08005e5c                HAL_TIM_PWM_ConfigChannel
 .text.HAL_TIM_OC_DelayElapsedCallback
                0x08005fe0       0x14 ./Drivers/STM32F4xx_HAL_Driver/Src/stm32f4xx_hal_tim.o
                0x08005fe0                HAL_TIM_OC_DelayElapsedCallback
 .text.HAL_TIM_IC_CaptureCallback
                0x08005ff4       0x14 ./Drivers/STM32F4xx_HAL_Driver/Src/stm32f4xx_hal_tim.o
                0x08005ff4                HAL_TIM_IC_CaptureCallback
 .text.HAL_TIM_PWM_PulseFinishedCallback
                0x08006008       0x14 ./Drivers/STM32F4xx_HAL_Driver/Src/stm32f4xx_hal_tim.o
                0x08006008                HAL_TIM_PWM_PulseFinishedCallback
 .text.HAL_TIM_TriggerCallback
                0x0800601c       0x14 ./Drivers/STM32F4xx_HAL_Driver/Src/stm32f4xx_hal_tim.o
                0x0800601c                HAL_TIM_TriggerCallback
 .text.TIM_Base_SetConfig
                0x08006030      0x158 ./Drivers/STM32F4xx_HAL_Driver/Src/stm32f4xx_hal_tim.o
                0x08006030                TIM_Base_SetConfig
 .text.TIM_OC1_SetConfig
                0x08006188       0xe0 ./Drivers/STM32F4xx_HAL_Driver/Src/stm32f4xx_hal_tim.o
 .text.TIM_OC2_SetConfig
                0x08006268       0xec ./Drivers/STM32F4xx_HAL_Driver/Src/stm32f4xx_hal_tim.o
                0x08006268                TIM_OC2_SetConfig
 .text.TIM_OC3_SetConfig
                0x08006354       0xe8 ./Drivers/STM32F4xx_HAL_Driver/Src/stm32f4xx_hal_tim.o
 .text.TIM_OC4_SetConfig
                0x0800643c       0xac ./Drivers/STM32F4xx_HAL_Driver/Src/stm32f4xx_hal_tim.o
 .text.TIM_CCxChannelCmd
                0x080064e8       0x4a ./Drivers/STM32F4xx_HAL_Driver/Src/stm32f4xx_hal_tim.o
                0x080064e8                TIM_CCxChannelCmd
 *fill*         0x08006532        0x2 
 .text.HAL_TIMEx_MasterConfigSynchronization
                0x08006534       0xf8 ./Drivers/STM32F4xx_HAL_Driver/Src/stm32f4xx_hal_tim_ex.o
                0x08006534                HAL_TIMEx_MasterConfigSynchronization
 .text.HAL_TIMEx_CommutCallback
                0x0800662c       0x14 ./Drivers/STM32F4xx_HAL_Driver/Src/stm32f4xx_hal_tim_ex.o
                0x0800662c                HAL_TIMEx_CommutCallback
 .text.HAL_TIMEx_BreakCallback
                0x08006640       0x14 ./Drivers/STM32F4xx_HAL_Driver/Src/stm32f4xx_hal_tim_ex.o
                0x08006640                HAL_TIMEx_BreakCallback
 .text.HAL_UART_Init
                0x08006654       0xa0 ./Drivers/STM32F4xx_HAL_Driver/Src/stm32f4xx_hal_uart.o
                0x08006654                HAL_UART_Init
 .text.HAL_UART_Transmit
                0x080066f4      0x116 ./Drivers/STM32F4xx_HAL_Driver/Src/stm32f4xx_hal_uart.o
                0x080066f4                HAL_UART_Transmit
 .text.HAL_UART_Receive_DMA
                0x0800680a       0x4a ./Drivers/STM32F4xx_HAL_Driver/Src/stm32f4xx_hal_uart.o
                0x0800680a                HAL_UART_Receive_DMA
 .text.HAL_UART_DMAStop
                0x08006854       0xfe ./Drivers/STM32F4xx_HAL_Driver/Src/stm32f4xx_hal_uart.o
                0x08006854                HAL_UART_DMAStop
 .text.HAL_UART_RxHalfCpltCallback
                0x08006952       0x14 ./Drivers/STM32F4xx_HAL_Driver/Src/stm32f4xx_hal_uart.o
                0x08006952                HAL_UART_RxHalfCpltCallback
 .text.HAL_UART_ErrorCallback
                0x08006966       0x14 ./Drivers/STM32F4xx_HAL_Driver/Src/stm32f4xx_hal_uart.o
                0x08006966                HAL_UART_ErrorCallback
 .text.HAL_UARTEx_RxEventCallback
                0x0800697a       0x18 ./Drivers/STM32F4xx_HAL_Driver/Src/stm32f4xx_hal_uart.o
                0x0800697a                HAL_UARTEx_RxEventCallback
 .text.UART_DMAReceiveCplt
                0x08006992      0x12c ./Drivers/STM32F4xx_HAL_Driver/Src/stm32f4xx_hal_uart.o
 .text.UART_DMARxHalfCplt
                0x08006abe       0x3c ./Drivers/STM32F4xx_HAL_Driver/Src/stm32f4xx_hal_uart.o
 .text.UART_DMAError
                0x08006afa       0x94 ./Drivers/STM32F4xx_HAL_Driver/Src/stm32f4xx_hal_uart.o
 .text.UART_WaitOnFlagUntilTimeout
                0x08006b8e       0xb2 ./Drivers/STM32F4xx_HAL_Driver/Src/stm32f4xx_hal_uart.o
 .text.UART_Start_Receive_DMA
                0x08006c40      0x134 ./Drivers/STM32F4xx_HAL_Driver/Src/stm32f4xx_hal_uart.o
                0x08006c40                UART_Start_Receive_DMA
 .text.UART_EndTxTransfer
                0x08006d74       0x50 ./Drivers/STM32F4xx_HAL_Driver/Src/stm32f4xx_hal_uart.o
 .text.UART_EndRxTransfer
                0x08006dc4       0xc6 ./Drivers/STM32F4xx_HAL_Driver/Src/stm32f4xx_hal_uart.o
 *fill*         0x08006e8a        0x2 
 .text.UART_SetConfig
                0x08006e8c      0x4e8 ./Drivers/STM32F4xx_HAL_Driver/Src/stm32f4xx_hal_uart.o
 .text.__NVIC_SetPriority
                0x08007374       0x54 ./Middlewares/Third_Party/FreeRTOS/Source/CMSIS_RTOS_V2/cmsis_os2.o
 .text.SysTick_Handler
                0x080073c8       0x20 ./Middlewares/Third_Party/FreeRTOS/Source/CMSIS_RTOS_V2/cmsis_os2.o
                0x080073c8                SysTick_Handler
 .text.SVC_Setup
                0x080073e8       0x12 ./Middlewares/Third_Party/FreeRTOS/Source/CMSIS_RTOS_V2/cmsis_os2.o
 *fill*         0x080073fa        0x2 
 .text.osKernelInitialize
                0x080073fc       0x48 ./Middlewares/Third_Party/FreeRTOS/Source/CMSIS_RTOS_V2/cmsis_os2.o
                0x080073fc                osKernelInitialize
 .text.osKernelStart
                0x08007444       0x4c ./Middlewares/Third_Party/FreeRTOS/Source/CMSIS_RTOS_V2/cmsis_os2.o
                0x08007444                osKernelStart
 .text.osThreadNew
                0x08007490      0x124 ./Middlewares/Third_Party/FreeRTOS/Source/CMSIS_RTOS_V2/cmsis_os2.o
                0x08007490                osThreadNew
 .text.osDelay  0x080075b4       0x36 ./Middlewares/Third_Party/FreeRTOS/Source/CMSIS_RTOS_V2/cmsis_os2.o
                0x080075b4                osDelay
 .text.osSemaphoreNew
                0x080075ea      0x112 ./Middlewares/Third_Party/FreeRTOS/Source/CMSIS_RTOS_V2/cmsis_os2.o
                0x080075ea                osSemaphoreNew
 .text.vApplicationGetIdleTaskMemory
                0x080076fc       0x34 ./Middlewares/Third_Party/FreeRTOS/Source/CMSIS_RTOS_V2/cmsis_os2.o
                0x080076fc                vApplicationGetIdleTaskMemory
 .text.vApplicationGetTimerTaskMemory
                0x08007730       0x34 ./Middlewares/Third_Party/FreeRTOS/Source/CMSIS_RTOS_V2/cmsis_os2.o
                0x08007730                vApplicationGetTimerTaskMemory
 .text.vListInitialise
                0x08007764       0x40 ./Middlewares/Third_Party/FreeRTOS/Source/list.o
                0x08007764                vListInitialise
 .text.vListInitialiseItem
                0x080077a4       0x1a ./Middlewares/Third_Party/FreeRTOS/Source/list.o
                0x080077a4                vListInitialiseItem
 .text.vListInsertEnd
                0x080077be       0x48 ./Middlewares/Third_Party/FreeRTOS/Source/list.o
                0x080077be                vListInsertEnd
 .text.vListInsert
                0x08007806       0x72 ./Middlewares/Third_Party/FreeRTOS/Source/list.o
                0x08007806                vListInsert
 .text.uxListRemove
                0x08007878       0x54 ./Middlewares/Third_Party/FreeRTOS/Source/list.o
                0x08007878                uxListRemove
 .text.xQueueGenericReset
                0x080078cc       0xd4 ./Middlewares/Third_Party/FreeRTOS/Source/queue.o
                0x080078cc                xQueueGenericReset
 .text.xQueueGenericCreateStatic
                0x080079a0       0xfa ./Middlewares/Third_Party/FreeRTOS/Source/queue.o
                0x080079a0                xQueueGenericCreateStatic
 .text.xQueueGenericCreate
                0x08007a9a       0x76 ./Middlewares/Third_Party/FreeRTOS/Source/queue.o
                0x08007a9a                xQueueGenericCreate
 .text.prvInitialiseNewQueue
                0x08007b10       0x46 ./Middlewares/Third_Party/FreeRTOS/Source/queue.o
 .text.xQueueCreateCountingSemaphoreStatic
                0x08007b56       0x72 ./Middlewares/Third_Party/FreeRTOS/Source/queue.o
                0x08007b56                xQueueCreateCountingSemaphoreStatic
 .text.xQueueCreateCountingSemaphore
                0x08007bc8       0x6a ./Middlewares/Third_Party/FreeRTOS/Source/queue.o
                0x08007bc8                xQueueCreateCountingSemaphore
 *fill*         0x08007c32        0x2 
 .text.xQueueGenericSend
                0x08007c34      0x204 ./Middlewares/Third_Party/FreeRTOS/Source/queue.o
                0x08007c34                xQueueGenericSend
 .text.xQueueGenericSendFromISR
                0x08007e38      0x13c ./Middlewares/Third_Party/FreeRTOS/Source/queue.o
                0x08007e38                xQueueGenericSendFromISR
 .text.xQueueReceive
                0x08007f74      0x1c4 ./Middlewares/Third_Party/FreeRTOS/Source/queue.o
                0x08007f74                xQueueReceive
 .text.xQueueSemaphoreTake
                0x08008138      0x220 ./Middlewares/Third_Party/FreeRTOS/Source/queue.o
                0x08008138                xQueueSemaphoreTake
 .text.vQueueDelete
                0x08008358       0x48 ./Middlewares/Third_Party/FreeRTOS/Source/queue.o
                0x08008358                vQueueDelete
 .text.prvGetDisinheritPriorityAfterTimeout
                0x080083a0       0x30 ./Middlewares/Third_Party/FreeRTOS/Source/queue.o
 .text.prvCopyDataToQueue
                0x080083d0       0xd4 ./Middlewares/Third_Party/FreeRTOS/Source/queue.o
 .text.prvCopyDataFromQueue
                0x080084a4       0x4c ./Middlewares/Third_Party/FreeRTOS/Source/queue.o
 .text.prvUnlockQueue
                0x080084f0       0xa4 ./Middlewares/Third_Party/FreeRTOS/Source/queue.o
 .text.prvIsQueueEmpty
                0x08008594       0x2c ./Middlewares/Third_Party/FreeRTOS/Source/queue.o
 .text.prvIsQueueFull
                0x080085c0       0x30 ./Middlewares/Third_Party/FreeRTOS/Source/queue.o
 .text.vQueueAddToRegistry
                0x080085f0       0x54 ./Middlewares/Third_Party/FreeRTOS/Source/queue.o
                0x080085f0                vQueueAddToRegistry
 .text.vQueueUnregisterQueue
                0x08008644       0x54 ./Middlewares/Third_Party/FreeRTOS/Source/queue.o
                0x08008644                vQueueUnregisterQueue
 .text.vQueueWaitForMessageRestricted
                0x08008698       0x68 ./Middlewares/Third_Party/FreeRTOS/Source/queue.o
                0x08008698                vQueueWaitForMessageRestricted
 .text.xTaskCreateStatic
                0x08008700       0xc0 ./Middlewares/Third_Party/FreeRTOS/Source/tasks.o
                0x08008700                xTaskCreateStatic
 .text.xTaskCreate
                0x080087c0       0x8a ./Middlewares/Third_Party/FreeRTOS/Source/tasks.o
                0x080087c0                xTaskCreate
 .text.prvInitialiseNewTask
                0x0800884a      0x120 ./Middlewares/Third_Party/FreeRTOS/Source/tasks.o
 *fill*         0x0800896a        0x2 
 .text.prvAddNewTaskToReadyList
                0x0800896c       0xe0 ./Middlewares/Third_Party/FreeRTOS/Source/tasks.o
 .text.vTaskDelay
                0x08008a4c       0x6c ./Middlewares/Third_Party/FreeRTOS/Source/tasks.o
                0x08008a4c                vTaskDelay
 .text.vTaskStartScheduler
                0x08008ab8       0xd0 ./Middlewares/Third_Party/FreeRTOS/Source/tasks.o
                0x08008ab8                vTaskStartScheduler
 .text.vTaskSuspendAll
                0x08008b88       0x1c ./Middlewares/Third_Party/FreeRTOS/Source/tasks.o
                0x08008b88                vTaskSuspendAll
 .text.xTaskResumeAll
                0x08008ba4      0x13c ./Middlewares/Third_Party/FreeRTOS/Source/tasks.o
                0x08008ba4                xTaskResumeAll
 .text.xTaskGetTickCount
                0x08008ce0       0x20 ./Middlewares/Third_Party/FreeRTOS/Source/tasks.o
                0x08008ce0                xTaskGetTickCount
 .text.xTaskIncrementTick
                0x08008d00      0x174 ./Middlewares/Third_Party/FreeRTOS/Source/tasks.o
                0x08008d00                xTaskIncrementTick
 .text.vTaskSwitchContext
                0x08008e74       0xbc ./Middlewares/Third_Party/FreeRTOS/Source/tasks.o
                0x08008e74                vTaskSwitchContext
 .text.vTaskPlaceOnEventList
                0x08008f30       0x4c ./Middlewares/Third_Party/FreeRTOS/Source/tasks.o
                0x08008f30                vTaskPlaceOnEventList
 .text.vTaskPlaceOnEventListRestricted
                0x08008f7c       0x58 ./Middlewares/Third_Party/FreeRTOS/Source/tasks.o
                0x08008f7c                vTaskPlaceOnEventListRestricted
 .text.xTaskRemoveFromEventList
                0x08008fd4       0xc8 ./Middlewares/Third_Party/FreeRTOS/Source/tasks.o
                0x08008fd4                xTaskRemoveFromEventList
 .text.vTaskInternalSetTimeOutState
                0x0800909c       0x2c ./Middlewares/Third_Party/FreeRTOS/Source/tasks.o
                0x0800909c                vTaskInternalSetTimeOutState
 .text.xTaskCheckForTimeOut
                0x080090c8       0xc8 ./Middlewares/Third_Party/FreeRTOS/Source/tasks.o
                0x080090c8                xTaskCheckForTimeOut
 .text.vTaskMissedYield
                0x08009190       0x18 ./Middlewares/Third_Party/FreeRTOS/Source/tasks.o
                0x08009190                vTaskMissedYield
 .text.prvIdleTask
                0x080091a8       0x30 ./Middlewares/Third_Party/FreeRTOS/Source/tasks.o
 .text.prvInitialiseTaskLists
                0x080091d8       0x80 ./Middlewares/Third_Party/FreeRTOS/Source/tasks.o
 .text.prvCheckTasksWaitingTermination
                0x08009258       0x5c ./Middlewares/Third_Party/FreeRTOS/Source/tasks.o
 .text.prvDeleteTCB
                0x080092b4       0x60 ./Middlewares/Third_Party/FreeRTOS/Source/tasks.o
 .text.prvResetNextTaskUnblockTime
                0x08009314       0x40 ./Middlewares/Third_Party/FreeRTOS/Source/tasks.o
 .text.xTaskGetSchedulerState
                0x08009354       0x3c ./Middlewares/Third_Party/FreeRTOS/Source/tasks.o
                0x08009354                xTaskGetSchedulerState
 .text.xTaskPriorityInherit
                0x08009390       0xd0 ./Middlewares/Third_Party/FreeRTOS/Source/tasks.o
                0x08009390                xTaskPriorityInherit
 .text.xTaskPriorityDisinherit
                0x08009460       0xe0 ./Middlewares/Third_Party/FreeRTOS/Source/tasks.o
                0x08009460                xTaskPriorityDisinherit
 .text.vTaskPriorityDisinheritAfterTimeout
                0x08009540      0x108 ./Middlewares/Third_Party/FreeRTOS/Source/tasks.o
                0x08009540                vTaskPriorityDisinheritAfterTimeout
 .text.pvTaskIncrementMutexHeldCount
                0x08009648       0x28 ./Middlewares/Third_Party/FreeRTOS/Source/tasks.o
                0x08009648                pvTaskIncrementMutexHeldCount
 .text.prvAddCurrentTaskToDelayedList
                0x08009670       0xa8 ./Middlewares/Third_Party/FreeRTOS/Source/tasks.o
 .text.xTimerCreateTimerTask
                0x08009718       0x94 ./Middlewares/Third_Party/FreeRTOS/Source/timers.o
                0x08009718                xTimerCreateTimerTask
 .text.xTimerGenericCommand
                0x080097ac       0x9c ./Middlewares/Third_Party/FreeRTOS/Source/timers.o
                0x080097ac                xTimerGenericCommand
 .text.prvProcessExpiredTimer
                0x08009848       0x9c ./Middlewares/Third_Party/FreeRTOS/Source/timers.o
 .text.prvTimerTask
                0x080098e4       0x26 ./Middlewares/Third_Party/FreeRTOS/Source/timers.o
 *fill*         0x0800990a        0x2 
 .text.prvProcessTimerOrBlockTask
                0x0800990c       0x9c ./Middlewares/Third_Party/FreeRTOS/Source/timers.o
 .text.prvGetNextExpireTime
                0x080099a8       0x48 ./Middlewares/Third_Party/FreeRTOS/Source/timers.o
 .text.prvSampleTimeNow
                0x080099f0       0x40 ./Middlewares/Third_Party/FreeRTOS/Source/timers.o
 .text.prvInsertTimerInActiveList
                0x08009a30       0x84 ./Middlewares/Third_Party/FreeRTOS/Source/timers.o
 .text.prvProcessReceivedCommands
                0x08009ab4      0x1cc ./Middlewares/Third_Party/FreeRTOS/Source/timers.o
 .text.prvSwitchTimerLists
                0x08009c80       0xcc ./Middlewares/Third_Party/FreeRTOS/Source/timers.o
 .text.prvCheckForValidListAndQueue
                0x08009d4c       0x80 ./Middlewares/Third_Party/FreeRTOS/Source/timers.o
 .text.pxPortInitialiseStack
                0x08009dcc       0x68 ./Middlewares/Third_Party/FreeRTOS/Source/portable/GCC/ARM_CM4F/port.o
                0x08009dcc                pxPortInitialiseStack
 .text.prvTaskExitError
                0x08009e34       0x5c ./Middlewares/Third_Party/FreeRTOS/Source/portable/GCC/ARM_CM4F/port.o
 .text.SVC_Handler
                0x08009e90       0x28 ./Middlewares/Third_Party/FreeRTOS/Source/portable/GCC/ARM_CM4F/port.o
                0x08009e90                SVC_Handler
 .text.prvPortStartFirstTask
                0x08009eb8       0x28 ./Middlewares/Third_Party/FreeRTOS/Source/portable/GCC/ARM_CM4F/port.o
 .text.xPortStartScheduler
                0x08009ee0      0x148 ./Middlewares/Third_Party/FreeRTOS/Source/portable/GCC/ARM_CM4F/port.o
                0x08009ee0                xPortStartScheduler
 .text.vPortEnterCritical
                0x0800a028       0x64 ./Middlewares/Third_Party/FreeRTOS/Source/portable/GCC/ARM_CM4F/port.o
                0x0800a028                vPortEnterCritical
 .text.vPortExitCritical
                0x0800a08c       0x54 ./Middlewares/Third_Party/FreeRTOS/Source/portable/GCC/ARM_CM4F/port.o
                0x0800a08c                vPortExitCritical
 .text.PendSV_Handler
                0x0800a0e0       0x68 ./Middlewares/Third_Party/FreeRTOS/Source/portable/GCC/ARM_CM4F/port.o
                0x0800a0e0                PendSV_Handler
 .text.xPortSysTickHandler
                0x0800a148       0x44 ./Middlewares/Third_Party/FreeRTOS/Source/portable/GCC/ARM_CM4F/port.o
                0x0800a148                xPortSysTickHandler
 .text.vPortSetupTimerInterrupt
                0x0800a18c       0x48 ./Middlewares/Third_Party/FreeRTOS/Source/portable/GCC/ARM_CM4F/port.o
                0x0800a18c                vPortSetupTimerInterrupt
 .text.vPortEnableVFP
                0x0800a1d4       0x14 ./Middlewares/Third_Party/FreeRTOS/Source/portable/GCC/ARM_CM4F/port.o
 .text.vPortValidateInterruptPriority
                0x0800a1e8       0x84 ./Middlewares/Third_Party/FreeRTOS/Source/portable/GCC/ARM_CM4F/port.o
                0x0800a1e8                vPortValidateInterruptPriority
 .text.pvPortMalloc
                0x0800a26c      0x19c ./Middlewares/Third_Party/FreeRTOS/Source/portable/MemMang/heap_4.o
                0x0800a26c                pvPortMalloc
 .text.vPortFree
                0x0800a408       0xc8 ./Middlewares/Third_Party/FreeRTOS/Source/portable/MemMang/heap_4.o
                0x0800a408                vPortFree
 .text.prvHeapInit
                0x0800a4d0       0xc4 ./Middlewares/Third_Party/FreeRTOS/Source/portable/MemMang/heap_4.o
 .text.prvInsertBlockIntoFreeList
                0x0800a594       0xb4 ./Middlewares/Third_Party/FreeRTOS/Source/portable/MemMang/heap_4.o
 .text.atoi     0x0800a648        0x8 C:/ST/STM32CubeIDE_1.16.1/STM32CubeIDE/plugins/com.st.stm32cube.ide.mcu.externaltools.gnu-tools-for-stm32.12.3.rel1.win32_1.0.200.202406191623/tools/bin/../lib/gcc/arm-none-eabi/12.3.1/../../../../arm-none-eabi/lib/thumb/v7e-m+fp/hard\libc_nano.a(libc_a-atoi.o)
                0x0800a648                atoi
 .text._strtol_l.constprop.0
                0x0800a650       0xf4 C:/ST/STM32CubeIDE_1.16.1/STM32CubeIDE/plugins/com.st.stm32cube.ide.mcu.externaltools.gnu-tools-for-stm32.12.3.rel1.win32_1.0.200.202406191623/tools/bin/../lib/gcc/arm-none-eabi/12.3.1/../../../../arm-none-eabi/lib/thumb/v7e-m+fp/hard\libc_nano.a(libc_a-strtol.o)
 .text.strtol   0x0800a744       0x14 C:/ST/STM32CubeIDE_1.16.1/STM32CubeIDE/plugins/com.st.stm32cube.ide.mcu.externaltools.gnu-tools-for-stm32.12.3.rel1.win32_1.0.200.202406191623/tools/bin/../lib/gcc/arm-none-eabi/12.3.1/../../../../arm-none-eabi/lib/thumb/v7e-m+fp/hard\libc_nano.a(libc_a-strtol.o)
                0x0800a744                strtol
 .text.sprintf  0x0800a758       0x40 C:/ST/STM32CubeIDE_1.16.1/STM32CubeIDE/plugins/com.st.stm32cube.ide.mcu.externaltools.gnu-tools-for-stm32.12.3.rel1.win32_1.0.200.202406191623/tools/bin/../lib/gcc/arm-none-eabi/12.3.1/../../../../arm-none-eabi/lib/thumb/v7e-m+fp/hard\libc_nano.a(libc_a-sprintf.o)
                0x0800a758                siprintf
                0x0800a758                sprintf
 .text.memset   0x0800a798       0x10 C:/ST/STM32CubeIDE_1.16.1/STM32CubeIDE/plugins/com.st.stm32cube.ide.mcu.externaltools.gnu-tools-for-stm32.12.3.rel1.win32_1.0.200.202406191623/tools/bin/../lib/gcc/arm-none-eabi/12.3.1/../../../../arm-none-eabi/lib/thumb/v7e-m+fp/hard\libc_nano.a(libc_a-memset.o)
                0x0800a798                memset
 .text.strchr   0x0800a7a8       0x1a C:/ST/STM32CubeIDE_1.16.1/STM32CubeIDE/plugins/com.st.stm32cube.ide.mcu.externaltools.gnu-tools-for-stm32.12.3.rel1.win32_1.0.200.202406191623/tools/bin/../lib/gcc/arm-none-eabi/12.3.1/../../../../arm-none-eabi/lib/thumb/v7e-m+fp/hard\libc_nano.a(libc_a-strchr.o)
                0x0800a7a8                strchr
 .text.strstr   0x0800a7c2       0x2c C:/ST/STM32CubeIDE_1.16.1/STM32CubeIDE/plugins/com.st.stm32cube.ide.mcu.externaltools.gnu-tools-for-stm32.12.3.rel1.win32_1.0.200.202406191623/tools/bin/../lib/gcc/arm-none-eabi/12.3.1/../../../../arm-none-eabi/lib/thumb/v7e-m+fp/hard\libc_nano.a(libc_a-strstr.o)
                0x0800a7c2                strstr
 *fill*         0x0800a7ee        0x2 
 .text.__errno  0x0800a7f0        0xc C:/ST/STM32CubeIDE_1.16.1/STM32CubeIDE/plugins/com.st.stm32cube.ide.mcu.externaltools.gnu-tools-for-stm32.12.3.rel1.win32_1.0.200.202406191623/tools/bin/../lib/gcc/arm-none-eabi/12.3.1/../../../../arm-none-eabi/lib/thumb/v7e-m+fp/hard\libc_nano.a(libc_a-errno.o)
                0x0800a7f0                __errno
 .text.__libc_init_array
                0x0800a7fc       0x48 C:/ST/STM32CubeIDE_1.16.1/STM32CubeIDE/plugins/com.st.stm32cube.ide.mcu.externaltools.gnu-tools-for-stm32.12.3.rel1.win32_1.0.200.202406191623/tools/bin/../lib/gcc/arm-none-eabi/12.3.1/../../../../arm-none-eabi/lib/thumb/v7e-m+fp/hard\libc_nano.a(libc_a-init.o)
                0x0800a7fc                __libc_init_array
 .text.__retarget_lock_acquire_recursive
                0x0800a844        0x2 C:/ST/STM32CubeIDE_1.16.1/STM32CubeIDE/plugins/com.st.stm32cube.ide.mcu.externaltools.gnu-tools-for-stm32.12.3.rel1.win32_1.0.200.202406191623/tools/bin/../lib/gcc/arm-none-eabi/12.3.1/../../../../arm-none-eabi/lib/thumb/v7e-m+fp/hard\libc_nano.a(libc_a-lock.o)
                0x0800a844                __retarget_lock_acquire_recursive
 .text.__retarget_lock_release_recursive
                0x0800a846        0x2 C:/ST/STM32CubeIDE_1.16.1/STM32CubeIDE/plugins/com.st.stm32cube.ide.mcu.externaltools.gnu-tools-for-stm32.12.3.rel1.win32_1.0.200.202406191623/tools/bin/../lib/gcc/arm-none-eabi/12.3.1/../../../../arm-none-eabi/lib/thumb/v7e-m+fp/hard\libc_nano.a(libc_a-lock.o)
                0x0800a846                __retarget_lock_release_recursive
 .text.memcpy   0x0800a848       0x1c C:/ST/STM32CubeIDE_1.16.1/STM32CubeIDE/plugins/com.st.stm32cube.ide.mcu.externaltools.gnu-tools-for-stm32.12.3.rel1.win32_1.0.200.202406191623/tools/bin/../lib/gcc/arm-none-eabi/12.3.1/../../../../arm-none-eabi/lib/thumb/v7e-m+fp/hard\libc_nano.a(libc_a-memcpy-stub.o)
                0x0800a848                memcpy
 .text._free_r  0x0800a864       0x94 C:/ST/STM32CubeIDE_1.16.1/STM32CubeIDE/plugins/com.st.stm32cube.ide.mcu.externaltools.gnu-tools-for-stm32.12.3.rel1.win32_1.0.200.202406191623/tools/bin/../lib/gcc/arm-none-eabi/12.3.1/../../../../arm-none-eabi/lib/thumb/v7e-m+fp/hard\libc_nano.a(libc_a-freer.o)
                0x0800a864                _free_r
 .text.sbrk_aligned
                0x0800a8f8       0x44 C:/ST/STM32CubeIDE_1.16.1/STM32CubeIDE/plugins/com.st.stm32cube.ide.mcu.externaltools.gnu-tools-for-stm32.12.3.rel1.win32_1.0.200.202406191623/tools/bin/../lib/gcc/arm-none-eabi/12.3.1/../../../../arm-none-eabi/lib/thumb/v7e-m+fp/hard\libc_nano.a(libc_a-mallocr.o)
 .text._malloc_r
                0x0800a93c      0x100 C:/ST/STM32CubeIDE_1.16.1/STM32CubeIDE/plugins/com.st.stm32cube.ide.mcu.externaltools.gnu-tools-for-stm32.12.3.rel1.win32_1.0.200.202406191623/tools/bin/../lib/gcc/arm-none-eabi/12.3.1/../../../../arm-none-eabi/lib/thumb/v7e-m+fp/hard\libc_nano.a(libc_a-mallocr.o)
                0x0800a93c                _malloc_r
 .text.__malloc_lock
                0x0800aa3c        0xc C:/ST/STM32CubeIDE_1.16.1/STM32CubeIDE/plugins/com.st.stm32cube.ide.mcu.externaltools.gnu-tools-for-stm32.12.3.rel1.win32_1.0.200.202406191623/tools/bin/../lib/gcc/arm-none-eabi/12.3.1/../../../../arm-none-eabi/lib/thumb/v7e-m+fp/hard\libc_nano.a(libc_a-mlock.o)
                0x0800aa3c                __malloc_lock
 .text.__malloc_unlock
                0x0800aa48        0xc C:/ST/STM32CubeIDE_1.16.1/STM32CubeIDE/plugins/com.st.stm32cube.ide.mcu.externaltools.gnu-tools-for-stm32.12.3.rel1.win32_1.0.200.202406191623/tools/bin/../lib/gcc/arm-none-eabi/12.3.1/../../../../arm-none-eabi/lib/thumb/v7e-m+fp/hard\libc_nano.a(libc_a-mlock.o)
                0x0800aa48                __malloc_unlock
 .text.__ssputs_r
                0x0800aa54       0xb6 C:/ST/STM32CubeIDE_1.16.1/STM32CubeIDE/plugins/com.st.stm32cube.ide.mcu.externaltools.gnu-tools-for-stm32.12.3.rel1.win32_1.0.200.202406191623/tools/bin/../lib/gcc/arm-none-eabi/12.3.1/../../../../arm-none-eabi/lib/thumb/v7e-m+fp/hard\libc_nano.a(libc_a-nano-svfprintf.o)
                0x0800aa54                __ssputs_r
 *fill*         0x0800ab0a        0x2 
 .text._svfprintf_r
                0x0800ab0c      0x1f8 C:/ST/STM32CubeIDE_1.16.1/STM32CubeIDE/plugins/com.st.stm32cube.ide.mcu.externaltools.gnu-tools-for-stm32.12.3.rel1.win32_1.0.200.202406191623/tools/bin/../lib/gcc/arm-none-eabi/12.3.1/../../../../arm-none-eabi/lib/thumb/v7e-m+fp/hard\libc_nano.a(libc_a-nano-svfprintf.o)
                0x0800ab0c                _svfiprintf_r
                0x0800ab0c                _svfprintf_r
 .text._printf_common
                0x0800ad04       0xda C:/ST/STM32CubeIDE_1.16.1/STM32CubeIDE/plugins/com.st.stm32cube.ide.mcu.externaltools.gnu-tools-for-stm32.12.3.rel1.win32_1.0.200.202406191623/tools/bin/../lib/gcc/arm-none-eabi/12.3.1/../../../../arm-none-eabi/lib/thumb/v7e-m+fp/hard\libc_nano.a(libc_a-nano-vfprintf_i.o)
                0x0800ad04                _printf_common
 *fill*         0x0800adde        0x2 
 .text._printf_i
                0x0800ade0      0x240 C:/ST/STM32CubeIDE_1.16.1/STM32CubeIDE/plugins/com.st.stm32cube.ide.mcu.externaltools.gnu-tools-for-stm32.12.3.rel1.win32_1.0.200.202406191623/tools/bin/../lib/gcc/arm-none-eabi/12.3.1/../../../../arm-none-eabi/lib/thumb/v7e-m+fp/hard\libc_nano.a(libc_a-nano-vfprintf_i.o)
                0x0800ade0                _printf_i
 .text.memmove  0x0800b020       0x34 C:/ST/STM32CubeIDE_1.16.1/STM32CubeIDE/plugins/com.st.stm32cube.ide.mcu.externaltools.gnu-tools-for-stm32.12.3.rel1.win32_1.0.200.202406191623/tools/bin/../lib/gcc/arm-none-eabi/12.3.1/../../../../arm-none-eabi/lib/thumb/v7e-m+fp/hard\libc_nano.a(libc_a-memmove.o)
                0x0800b020                memmove
 .text._sbrk_r  0x0800b054       0x20 C:/ST/STM32CubeIDE_1.16.1/STM32CubeIDE/plugins/com.st.stm32cube.ide.mcu.externaltools.gnu-tools-for-stm32.12.3.rel1.win32_1.0.200.202406191623/tools/bin/../lib/gcc/arm-none-eabi/12.3.1/../../../../arm-none-eabi/lib/thumb/v7e-m+fp/hard\libc_nano.a(libc_a-sbrkr.o)
                0x0800b054                _sbrk_r
 .text._realloc_r
                0x0800b074       0x5c C:/ST/STM32CubeIDE_1.16.1/STM32CubeIDE/plugins/com.st.stm32cube.ide.mcu.externaltools.gnu-tools-for-stm32.12.3.rel1.win32_1.0.200.202406191623/tools/bin/../lib/gcc/arm-none-eabi/12.3.1/../../../../arm-none-eabi/lib/thumb/v7e-m+fp/hard\libc_nano.a(libc_a-reallocr.o)
                0x0800b074                _realloc_r
 .text._malloc_usable_size_r
                0x0800b0d0       0x10 C:/ST/STM32CubeIDE_1.16.1/STM32CubeIDE/plugins/com.st.stm32cube.ide.mcu.externaltools.gnu-tools-for-stm32.12.3.rel1.win32_1.0.200.202406191623/tools/bin/../lib/gcc/arm-none-eabi/12.3.1/../../../../arm-none-eabi/lib/thumb/v7e-m+fp/hard\libc_nano.a(libc_a-msizer.o)
                0x0800b0d0                _malloc_usable_size_r
 .text.atan2    0x0800b0e0        0x4 C:/ST/STM32CubeIDE_1.16.1/STM32CubeIDE/plugins/com.st.stm32cube.ide.mcu.externaltools.gnu-tools-for-stm32.12.3.rel1.win32_1.0.200.202406191623/tools/bin/../lib/gcc/arm-none-eabi/12.3.1/../../../../arm-none-eabi/lib/thumb/v7e-m+fp/hard\libm.a(libm_a-w_atan2.o)
                0x0800b0e0                atan2
 .text.pow      0x0800b0e4       0xe0 C:/ST/STM32CubeIDE_1.16.1/STM32CubeIDE/plugins/com.st.stm32cube.ide.mcu.externaltools.gnu-tools-for-stm32.12.3.rel1.win32_1.0.200.202406191623/tools/bin/../lib/gcc/arm-none-eabi/12.3.1/../../../../arm-none-eabi/lib/thumb/v7e-m+fp/hard\libm.a(libm_a-w_pow.o)
                0x0800b0e4                pow
 *fill*         0x0800b1c4        0x4 
 .text.atan     0x0800b1c8      0x330 C:/ST/STM32CubeIDE_1.16.1/STM32CubeIDE/plugins/com.st.stm32cube.ide.mcu.externaltools.gnu-tools-for-stm32.12.3.rel1.win32_1.0.200.202406191623/tools/bin/../lib/gcc/arm-none-eabi/12.3.1/../../../../arm-none-eabi/lib/thumb/v7e-m+fp/hard\libm.a(libm_a-s_atan.o)
                0x0800b1c8                atan
 .text.fabs     0x0800b4f8       0x10 C:/ST/STM32CubeIDE_1.16.1/STM32CubeIDE/plugins/com.st.stm32cube.ide.mcu.externaltools.gnu-tools-for-stm32.12.3.rel1.win32_1.0.200.202406191623/tools/bin/../lib/gcc/arm-none-eabi/12.3.1/../../../../arm-none-eabi/lib/thumb/v7e-m+fp/hard\libm.a(libm_a-s_fabs.o)
                0x0800b4f8                fabs
 .text.finite   0x0800b508       0x16 C:/ST/STM32CubeIDE_1.16.1/STM32CubeIDE/plugins/com.st.stm32cube.ide.mcu.externaltools.gnu-tools-for-stm32.12.3.rel1.win32_1.0.200.202406191623/tools/bin/../lib/gcc/arm-none-eabi/12.3.1/../../../../arm-none-eabi/lib/thumb/v7e-m+fp/hard\libm.a(libm_a-s_finite.o)
                0x0800b508                finite
 *fill*         0x0800b51e        0x2 
 .text.__ieee754_atan2
                0x0800b520      0x18c C:/ST/STM32CubeIDE_1.16.1/STM32CubeIDE/plugins/com.st.stm32cube.ide.mcu.externaltools.gnu-tools-for-stm32.12.3.rel1.win32_1.0.200.202406191623/tools/bin/../lib/gcc/arm-none-eabi/12.3.1/../../../../arm-none-eabi/lib/thumb/v7e-m+fp/hard\libm.a(libm_a-e_atan2.o)
                0x0800b520                __ieee754_atan2
 *fill*         0x0800b6ac        0x4 
 .text.__ieee754_pow
                0x0800b6b0      0xa88 C:/ST/STM32CubeIDE_1.16.1/STM32CubeIDE/plugins/com.st.stm32cube.ide.mcu.externaltools.gnu-tools-for-stm32.12.3.rel1.win32_1.0.200.202406191623/tools/bin/../lib/gcc/arm-none-eabi/12.3.1/../../../../arm-none-eabi/lib/thumb/v7e-m+fp/hard\libm.a(libm_a-e_pow.o)
                0x0800b6b0                __ieee754_pow
 .text.scalbn   0x0800c138       0xfc C:/ST/STM32CubeIDE_1.16.1/STM32CubeIDE/plugins/com.st.stm32cube.ide.mcu.externaltools.gnu-tools-for-stm32.12.3.rel1.win32_1.0.200.202406191623/tools/bin/../lib/gcc/arm-none-eabi/12.3.1/../../../../arm-none-eabi/lib/thumb/v7e-m+fp/hard\libm.a(libm_a-s_scalbn.o)
                0x0800c138                scalbn
 .text.with_errno
                0x0800c234       0x24 C:/ST/STM32CubeIDE_1.16.1/STM32CubeIDE/plugins/com.st.stm32cube.ide.mcu.externaltools.gnu-tools-for-stm32.12.3.rel1.win32_1.0.200.202406191623/tools/bin/../lib/gcc/arm-none-eabi/12.3.1/../../../../arm-none-eabi/lib/thumb/v7e-m+fp/hard\libm.a(libm_a-math_err.o)
 .text.xflow    0x0800c258       0x32 C:/ST/STM32CubeIDE_1.16.1/STM32CubeIDE/plugins/com.st.stm32cube.ide.mcu.externaltools.gnu-tools-for-stm32.12.3.rel1.win32_1.0.200.202406191623/tools/bin/../lib/gcc/arm-none-eabi/12.3.1/../../../../arm-none-eabi/lib/thumb/v7e-m+fp/hard\libm.a(libm_a-math_err.o)
 *fill*         0x0800c28a        0x6 
 .text.__math_uflow
                0x0800c290       0x10 C:/ST/STM32CubeIDE_1.16.1/STM32CubeIDE/plugins/com.st.stm32cube.ide.mcu.externaltools.gnu-tools-for-stm32.12.3.rel1.win32_1.0.200.202406191623/tools/bin/../lib/gcc/arm-none-eabi/12.3.1/../../../../arm-none-eabi/lib/thumb/v7e-m+fp/hard\libm.a(libm_a-math_err.o)
                0x0800c290                __math_uflow
 .text.__math_oflow
                0x0800c2a0       0x10 C:/ST/STM32CubeIDE_1.16.1/STM32CubeIDE/plugins/com.st.stm32cube.ide.mcu.externaltools.gnu-tools-for-stm32.12.3.rel1.win32_1.0.200.202406191623/tools/bin/../lib/gcc/arm-none-eabi/12.3.1/../../../../arm-none-eabi/lib/thumb/v7e-m+fp/hard\libm.a(libm_a-math_err.o)
                0x0800c2a0                __math_oflow
 .text.__ieee754_sqrt
                0x0800c2b0      0x1b4 C:/ST/STM32CubeIDE_1.16.1/STM32CubeIDE/plugins/com.st.stm32cube.ide.mcu.externaltools.gnu-tools-for-stm32.12.3.rel1.win32_1.0.200.202406191623/tools/bin/../lib/gcc/arm-none-eabi/12.3.1/../../../../arm-none-eabi/lib/thumb/v7e-m+fp/hard\libm.a(libm_a-e_sqrt.o)
                0x0800c2b0                __ieee754_sqrt
 *(.glue_7)
 .glue_7        0x0800c464        0x0 linker stubs
 *(.glue_7t)
 .glue_7t       0x0800c464        0x0 linker stubs
 *(.eh_frame)
 .eh_frame      0x0800c464        0x0 C:/ST/STM32CubeIDE_1.16.1/STM32CubeIDE/plugins/com.st.stm32cube.ide.mcu.externaltools.gnu-tools-for-stm32.12.3.rel1.win32_1.0.200.202406191623/tools/bin/../lib/gcc/arm-none-eabi/12.3.1/thumb/v7e-m+fp/hard/crtbegin.o
 *(.init)
 .init          0x0800c464        0x4 C:/ST/STM32CubeIDE_1.16.1/STM32CubeIDE/plugins/com.st.stm32cube.ide.mcu.externaltools.gnu-tools-for-stm32.12.3.rel1.win32_1.0.200.202406191623/tools/bin/../lib/gcc/arm-none-eabi/12.3.1/thumb/v7e-m+fp/hard/crti.o
                0x0800c464                _init
 .init          0x0800c468        0x8 C:/ST/STM32CubeIDE_1.16.1/STM32CubeIDE/plugins/com.st.stm32cube.ide.mcu.externaltools.gnu-tools-for-stm32.12.3.rel1.win32_1.0.200.202406191623/tools/bin/../lib/gcc/arm-none-eabi/12.3.1/thumb/v7e-m+fp/hard/crtn.o
 *(.fini)
 .fini          0x0800c470        0x4 C:/ST/STM32CubeIDE_1.16.1/STM32CubeIDE/plugins/com.st.stm32cube.ide.mcu.externaltools.gnu-tools-for-stm32.12.3.rel1.win32_1.0.200.202406191623/tools/bin/../lib/gcc/arm-none-eabi/12.3.1/thumb/v7e-m+fp/hard/crti.o
                0x0800c470                _fini
 .fini          0x0800c474        0x8 C:/ST/STM32CubeIDE_1.16.1/STM32CubeIDE/plugins/com.st.stm32cube.ide.mcu.externaltools.gnu-tools-for-stm32.12.3.rel1.win32_1.0.200.202406191623/tools/bin/../lib/gcc/arm-none-eabi/12.3.1/thumb/v7e-m+fp/hard/crtn.o
                0x0800c47c                        . = ALIGN (0x4)
                0x0800c47c                        _etext = .

.vfp11_veneer   0x0800c47c        0x0
 .vfp11_veneer  0x0800c47c        0x0 linker stubs

.v4_bx          0x0800c47c        0x0
 .v4_bx         0x0800c47c        0x0 linker stubs

.iplt           0x0800c47c        0x0
 .iplt          0x0800c47c        0x0 C:/ST/STM32CubeIDE_1.16.1/STM32CubeIDE/plugins/com.st.stm32cube.ide.mcu.externaltools.gnu-tools-for-stm32.12.3.rel1.win32_1.0.200.202406191623/tools/bin/../lib/gcc/arm-none-eabi/12.3.1/thumb/v7e-m+fp/hard/crtbegin.o

.rodata         0x0800c480      0x368
                0x0800c480                        . = ALIGN (0x4)
 *(.rodata)
 .rodata        0x0800c480       0x73 ./Core/Src/Drivers/JDY18_4_NUCLEO_64.o
 *fill*         0x0800c4f3        0x1 
 .rodata        0x0800c4f4       0x2f ./Core/Src/Utils/Position.o
 *fill*         0x0800c523        0x1 
 .rodata        0x0800c524       0x36 ./Core/Src/main.o
 *fill*         0x0800c55a        0x2 
 .rodata        0x0800c55c        0x5 ./Middlewares/Third_Party/FreeRTOS/Source/tasks.o
 *fill*         0x0800c561        0x3 
 .rodata        0x0800c564        0xd ./Middlewares/Third_Party/FreeRTOS/Source/timers.o
 *(.rodata*)
 *fill*         0x0800c571        0x3 
 .rodata.defaultTask_attributes
                0x0800c574       0x24 ./Core/Src/main.o
                0x0800c574                defaultTask_attributes
 .rodata.controlTask_attributes
                0x0800c598       0x24 ./Core/Src/main.o
                0x0800c598                controlTask_attributes
 .rodata.positionTask_attributes
                0x0800c5bc       0x24 ./Core/Src/main.o
                0x0800c5bc                positionTask_attributes
 .rodata.positionMutex_attributes
                0x0800c5e0       0x10 ./Core/Src/main.o
                0x0800c5e0                positionMutex_attributes
 .rodata.AHBPrescTable
                0x0800c5f0       0x10 ./Core/Src/system_stm32f4xx.o
                0x0800c5f0                AHBPrescTable
 .rodata.APBPrescTable
                0x0800c600        0x8 ./Core/Src/system_stm32f4xx.o
                0x0800c600                APBPrescTable
 .rodata.flagBitshiftOffset.0
                0x0800c608        0x8 ./Drivers/STM32F4xx_HAL_Driver/Src/stm32f4xx_hal_dma.o
 .rodata._ctype_
                0x0800c610      0x101 C:/ST/STM32CubeIDE_1.16.1/STM32CubeIDE/plugins/com.st.stm32cube.ide.mcu.externaltools.gnu-tools-for-stm32.12.3.rel1.win32_1.0.200.202406191623/tools/bin/../lib/gcc/arm-none-eabi/12.3.1/../../../../arm-none-eabi/lib/thumb/v7e-m+fp/hard\libc_nano.a(libc_a-ctype_.o)
                0x0800c610                _ctype_
 .rodata._svfprintf_r.str1.1
                0x0800c711       0x11 C:/ST/STM32CubeIDE_1.16.1/STM32CubeIDE/plugins/com.st.stm32cube.ide.mcu.externaltools.gnu-tools-for-stm32.12.3.rel1.win32_1.0.200.202406191623/tools/bin/../lib/gcc/arm-none-eabi/12.3.1/../../../../arm-none-eabi/lib/thumb/v7e-m+fp/hard\libc_nano.a(libc_a-nano-svfprintf.o)
 .rodata._printf_i.str1.1
                0x0800c722       0x22 C:/ST/STM32CubeIDE_1.16.1/STM32CubeIDE/plugins/com.st.stm32cube.ide.mcu.externaltools.gnu-tools-for-stm32.12.3.rel1.win32_1.0.200.202406191623/tools/bin/../lib/gcc/arm-none-eabi/12.3.1/../../../../arm-none-eabi/lib/thumb/v7e-m+fp/hard\libc_nano.a(libc_a-nano-vfprintf_i.o)
 *fill*         0x0800c744        0x4 
 .rodata.atanlo
                0x0800c748       0x20 C:/ST/STM32CubeIDE_1.16.1/STM32CubeIDE/plugins/com.st.stm32cube.ide.mcu.externaltools.gnu-tools-for-stm32.12.3.rel1.win32_1.0.200.202406191623/tools/bin/../lib/gcc/arm-none-eabi/12.3.1/../../../../arm-none-eabi/lib/thumb/v7e-m+fp/hard\libm.a(libm_a-s_atan.o)
 .rodata.atanhi
                0x0800c768       0x20 C:/ST/STM32CubeIDE_1.16.1/STM32CubeIDE/plugins/com.st.stm32cube.ide.mcu.externaltools.gnu-tools-for-stm32.12.3.rel1.win32_1.0.200.202406191623/tools/bin/../lib/gcc/arm-none-eabi/12.3.1/../../../../arm-none-eabi/lib/thumb/v7e-m+fp/hard\libm.a(libm_a-s_atan.o)
 .rodata.CSWTCH.9
                0x0800c788       0x18 C:/ST/STM32CubeIDE_1.16.1/STM32CubeIDE/plugins/com.st.stm32cube.ide.mcu.externaltools.gnu-tools-for-stm32.12.3.rel1.win32_1.0.200.202406191623/tools/bin/../lib/gcc/arm-none-eabi/12.3.1/../../../../arm-none-eabi/lib/thumb/v7e-m+fp/hard\libm.a(libm_a-e_atan2.o)
 .rodata.CSWTCH.8
                0x0800c7a0       0x18 C:/ST/STM32CubeIDE_1.16.1/STM32CubeIDE/plugins/com.st.stm32cube.ide.mcu.externaltools.gnu-tools-for-stm32.12.3.rel1.win32_1.0.200.202406191623/tools/bin/../lib/gcc/arm-none-eabi/12.3.1/../../../../arm-none-eabi/lib/thumb/v7e-m+fp/hard\libm.a(libm_a-e_atan2.o)
 .rodata.dp_l   0x0800c7b8       0x10 C:/ST/STM32CubeIDE_1.16.1/STM32CubeIDE/plugins/com.st.stm32cube.ide.mcu.externaltools.gnu-tools-for-stm32.12.3.rel1.win32_1.0.200.202406191623/tools/bin/../lib/gcc/arm-none-eabi/12.3.1/../../../../arm-none-eabi/lib/thumb/v7e-m+fp/hard\libm.a(libm_a-e_pow.o)
 .rodata.dp_h   0x0800c7c8       0x10 C:/ST/STM32CubeIDE_1.16.1/STM32CubeIDE/plugins/com.st.stm32cube.ide.mcu.externaltools.gnu-tools-for-stm32.12.3.rel1.win32_1.0.200.202406191623/tools/bin/../lib/gcc/arm-none-eabi/12.3.1/../../../../arm-none-eabi/lib/thumb/v7e-m+fp/hard\libm.a(libm_a-e_pow.o)
 .rodata.bp     0x0800c7d8       0x10 C:/ST/STM32CubeIDE_1.16.1/STM32CubeIDE/plugins/com.st.stm32cube.ide.mcu.externaltools.gnu-tools-for-stm32.12.3.rel1.win32_1.0.200.202406191623/tools/bin/../lib/gcc/arm-none-eabi/12.3.1/../../../../arm-none-eabi/lib/thumb/v7e-m+fp/hard\libm.a(libm_a-e_pow.o)
                0x0800c7e8                        . = ALIGN (0x4)

.ARM.extab      0x0800c7e8        0x0
                0x0800c7e8                        . = ALIGN (0x4)
 *(.ARM.extab* .gnu.linkonce.armextab.*)
                0x0800c7e8                        . = ALIGN (0x4)

.ARM            0x0800c7e8        0x8
                0x0800c7e8                        . = ALIGN (0x4)
                0x0800c7e8                        __exidx_start = .
 *(.ARM.exidx*)
 .ARM.exidx     0x0800c7e8        0x8 C:/ST/STM32CubeIDE_1.16.1/STM32CubeIDE/plugins/com.st.stm32cube.ide.mcu.externaltools.gnu-tools-for-stm32.12.3.rel1.win32_1.0.200.202406191623/tools/bin/../lib/gcc/arm-none-eabi/12.3.1/../../../../arm-none-eabi/lib/thumb/v7e-m+fp/hard\libc_nano.a(libc_a-strlen.o)
 .ARM.exidx     0x0800c7f0        0x0 C:/ST/STM32CubeIDE_1.16.1/STM32CubeIDE/plugins/com.st.stm32cube.ide.mcu.externaltools.gnu-tools-for-stm32.12.3.rel1.win32_1.0.200.202406191623/tools/bin/../lib/gcc/arm-none-eabi/12.3.1/../../../../arm-none-eabi/lib/thumb/v7e-m+fp/hard\libc_nano.a(libc_a-memchr.o)
                                  0x8 (size before relaxing)
 .ARM.exidx     0x0800c7f0        0x0 C:/ST/STM32CubeIDE_1.16.1/STM32CubeIDE/plugins/com.st.stm32cube.ide.mcu.externaltools.gnu-tools-for-stm32.12.3.rel1.win32_1.0.200.202406191623/tools/bin/../lib/gcc/arm-none-eabi/12.3.1/thumb/v7e-m+fp/hard\libgcc.a(_udivmoddi4.o)
                                  0x8 (size before relaxing)
                0x0800c7f0                        __exidx_end = .
                0x0800c7f0                        . = ALIGN (0x4)

.preinit_array  0x0800c7f0        0x0
                0x0800c7f0                        . = ALIGN (0x4)
                0x0800c7f0                        PROVIDE (__preinit_array_start = .)
 *(.preinit_array*)
                0x0800c7f0                        PROVIDE (__preinit_array_end = .)
                0x0800c7f0                        . = ALIGN (0x4)

.init_array     0x0800c7f0        0x4
                0x0800c7f0                        . = ALIGN (0x4)
                0x0800c7f0                        PROVIDE (__init_array_start = .)
 *(SORT_BY_NAME(.init_array.*))
 *(.init_array*)
 .init_array    0x0800c7f0        0x4 C:/ST/STM32CubeIDE_1.16.1/STM32CubeIDE/plugins/com.st.stm32cube.ide.mcu.externaltools.gnu-tools-for-stm32.12.3.rel1.win32_1.0.200.202406191623/tools/bin/../lib/gcc/arm-none-eabi/12.3.1/thumb/v7e-m+fp/hard/crtbegin.o
                0x0800c7f4                        PROVIDE (__init_array_end = .)
                0x0800c7f4                        . = ALIGN (0x4)

.fini_array     0x0800c7f4        0x4
                0x0800c7f4                        . = ALIGN (0x4)
                [!provide]                        PROVIDE (__fini_array_start = .)
 *(SORT_BY_NAME(.fini_array.*))
 *(.fini_array*)
 .fini_array    0x0800c7f4        0x4 C:/ST/STM32CubeIDE_1.16.1/STM32CubeIDE/plugins/com.st.stm32cube.ide.mcu.externaltools.gnu-tools-for-stm32.12.3.rel1.win32_1.0.200.202406191623/tools/bin/../lib/gcc/arm-none-eabi/12.3.1/thumb/v7e-m+fp/hard/crtbegin.o
                [!provide]                        PROVIDE (__fini_array_end = .)
                0x0800c7f8                        . = ALIGN (0x4)
                0x0800c7f8                        _sidata = LOADADDR (.data)

.rel.dyn        0x0800c7f8        0x0
 .rel.iplt      0x0800c7f8        0x0 C:/ST/STM32CubeIDE_1.16.1/STM32CubeIDE/plugins/com.st.stm32cube.ide.mcu.externaltools.gnu-tools-for-stm32.12.3.rel1.win32_1.0.200.202406191623/tools/bin/../lib/gcc/arm-none-eabi/12.3.1/thumb/v7e-m+fp/hard/crtbegin.o

.data           0x20000000       0xa8 load address 0x0800c7f8
                0x20000000                        . = ALIGN (0x4)
                0x20000000                        _sdata = .
 *(.data)
 *(.data*)
 .data.atInstructions
                0x20000000       0x18 ./Core/Src/Drivers/JDY18_4_NUCLEO_64.o
                0x20000000                atInstructions
 .data.slaveBeaconLocationB1
                0x20000018        0x8 ./Core/Src/Utils/Position.o
                0x20000018                slaveBeaconLocationB1
 .data.slaveBeaconLocationB2
                0x20000020        0x8 ./Core/Src/Utils/Position.o
                0x20000020                slaveBeaconLocationB2
 .data.slaveBeaconLocationB3
                0x20000028        0x8 ./Core/Src/Utils/Position.o
                0x20000028                slaveBeaconLocationB3
 .data.Kp       0x20000030        0x1 ./Core/Src/main.o
                0x20000030                Kp
 .data.Ki       0x20000031        0x1 ./Core/Src/main.o
                0x20000031                Ki
 *fill*         0x20000032        0x2 
 .data.SystemCoreClock
                0x20000034        0x4 ./Core/Src/system_stm32f4xx.o
                0x20000034                SystemCoreClock
 .data.uwTickPrio
                0x20000038        0x4 ./Drivers/STM32F4xx_HAL_Driver/Src/stm32f4xx_hal.o
                0x20000038                uwTickPrio
 .data.uwTickFreq
                0x2000003c        0x1 ./Drivers/STM32F4xx_HAL_Driver/Src/stm32f4xx_hal.o
                0x2000003c                uwTickFreq
 *fill*         0x2000003d        0x3 
 .data.uxCriticalNesting
                0x20000040        0x4 ./Middlewares/Third_Party/FreeRTOS/Source/portable/GCC/ARM_CM4F/port.o
 .data._impure_ptr
                0x20000044        0x4 C:/ST/STM32CubeIDE_1.16.1/STM32CubeIDE/plugins/com.st.stm32cube.ide.mcu.externaltools.gnu-tools-for-stm32.12.3.rel1.win32_1.0.200.202406191623/tools/bin/../lib/gcc/arm-none-eabi/12.3.1/../../../../arm-none-eabi/lib/thumb/v7e-m+fp/hard\libc_nano.a(libc_a-impure.o)
                0x20000044                _impure_ptr
 .data._impure_data
                0x20000048       0x4c C:/ST/STM32CubeIDE_1.16.1/STM32CubeIDE/plugins/com.st.stm32cube.ide.mcu.externaltools.gnu-tools-for-stm32.12.3.rel1.win32_1.0.200.202406191623/tools/bin/../lib/gcc/arm-none-eabi/12.3.1/../../../../arm-none-eabi/lib/thumb/v7e-m+fp/hard\libc_nano.a(libc_a-impure.o)
                0x20000048                _impure_data
 *fill*         0x20000094        0x4 
 .data.tiny     0x20000098        0x8 C:/ST/STM32CubeIDE_1.16.1/STM32CubeIDE/plugins/com.st.stm32cube.ide.mcu.externaltools.gnu-tools-for-stm32.12.3.rel1.win32_1.0.200.202406191623/tools/bin/../lib/gcc/arm-none-eabi/12.3.1/../../../../arm-none-eabi/lib/thumb/v7e-m+fp/hard\libm.a(libm_a-e_sqrt.o)
 .data.one      0x200000a0        0x8 C:/ST/STM32CubeIDE_1.16.1/STM32CubeIDE/plugins/com.st.stm32cube.ide.mcu.externaltools.gnu-tools-for-stm32.12.3.rel1.win32_1.0.200.202406191623/tools/bin/../lib/gcc/arm-none-eabi/12.3.1/../../../../arm-none-eabi/lib/thumb/v7e-m+fp/hard\libm.a(libm_a-e_sqrt.o)
 *(.RamFunc)
 *(.RamFunc*)
                0x200000a8                        . = ALIGN (0x4)
                0x200000a8                        _edata = .

.igot.plt       0x200000a8        0x0 load address 0x0800c8a0
 .igot.plt      0x200000a8        0x0 C:/ST/STM32CubeIDE_1.16.1/STM32CubeIDE/plugins/com.st.stm32cube.ide.mcu.externaltools.gnu-tools-for-stm32.12.3.rel1.win32_1.0.200.202406191623/tools/bin/../lib/gcc/arm-none-eabi/12.3.1/thumb/v7e-m+fp/hard/crtbegin.o
                0x200000a8                        . = ALIGN (0x4)

.bss            0x200000a8     0x5388 load address 0x0800c8a0
                0x200000a8                        _sbss = .
                0x200000a8                        __bss_start__ = _sbss
 *(.bss)
 .bss           0x200000a8       0x1c C:/ST/STM32CubeIDE_1.16.1/STM32CubeIDE/plugins/com.st.stm32cube.ide.mcu.externaltools.gnu-tools-for-stm32.12.3.rel1.win32_1.0.200.202406191623/tools/bin/../lib/gcc/arm-none-eabi/12.3.1/thumb/v7e-m+fp/hard/crtbegin.o
 *(.bss*)
 .bss.uartBuffer
                0x200000c4      0x3e8 ./Core/Src/Drivers/JDY18_4_NUCLEO_64.o
                0x200000c4                uartBuffer
 .bss.gScan     0x200004ac      0x1e4 ./Core/Src/Drivers/JDY18_4_NUCLEO_64.o
                0x200004ac                gScan
 .bss.bleHandler
                0x20000690        0xc ./Core/Src/Utils/Position.o
                0x20000690                bleHandler
 .bss.b1Buffer  0x2000069c       0x34 ./Core/Src/Utils/Position.o
                0x2000069c                b1Buffer
 .bss.b2Buffer  0x200006d0       0x34 ./Core/Src/Utils/Position.o
                0x200006d0                b2Buffer
 .bss.b3Buffer  0x20000704       0x34 ./Core/Src/Utils/Position.o
                0x20000704                b3Buffer
 .bss.masterLocation
                0x20000738        0x8 ./Core/Src/Utils/Position.o
                0x20000738                masterLocation
 .bss.trilaterationCalcCPartial
                0x20000740        0x4 ./Core/Src/Utils/Position.o
                0x20000740                trilaterationCalcCPartial
 .bss.trilaterationCalcFPartial
                0x20000744        0x4 ./Core/Src/Utils/Position.o
                0x20000744                trilaterationCalcFPartial
 .bss.hi2c1     0x20000748       0x54 ./Core/Src/main.o
                0x20000748                hi2c1
 .bss.htim3     0x2000079c       0x48 ./Core/Src/main.o
                0x2000079c                htim3
 .bss.htim4     0x200007e4       0x48 ./Core/Src/main.o
                0x200007e4                htim4
 .bss.huart2    0x2000082c       0x48 ./Core/Src/main.o
                0x2000082c                huart2
 .bss.huart3    0x20000874       0x48 ./Core/Src/main.o
                0x20000874                huart3
 .bss.hdma_usart3_rx
                0x200008bc       0x60 ./Core/Src/main.o
                0x200008bc                hdma_usart3_rx
 .bss.defaultTaskHandle
                0x2000091c        0x4 ./Core/Src/main.o
                0x2000091c                defaultTaskHandle
 .bss.controlTaskHandle
                0x20000920        0x4 ./Core/Src/main.o
                0x20000920                controlTaskHandle
 .bss.positionTaskHandle
                0x20000924        0x4 ./Core/Src/main.o
                0x20000924                positionTaskHandle
 .bss.positionMutexHandle
                0x20000928        0x4 ./Core/Src/main.o
                0x20000928                positionMutexHandle
 .bss.PosBoat   0x2000092c        0x8 ./Core/Src/main.o
                0x2000092c                PosBoat
 .bss.DesirePos
                0x20000934        0x8 ./Core/Src/main.o
                0x20000934                DesirePos
 .bss.erro      0x2000093c        0x2 ./Core/Src/main.o
                0x2000093c                erro
 *fill*         0x2000093e        0x2 
 .bss.integrador
                0x20000940        0x4 ./Core/Src/main.o
                0x20000940                integrador
 .bss.executarControle
                0x20000944        0x1 ./Core/Src/main.o
                0x20000944                executarControle
 *fill*         0x20000945        0x3 
 .bss.htim2     0x20000948       0x48 ./Core/Src/stm32f4xx_hal_timebase_tim.o
                0x20000948                htim2
 .bss.__sbrk_heap_end
                0x20000990        0x4 ./Core/Src/sysmem.o
 .bss.uwTick    0x20000994        0x4 ./Drivers/STM32F4xx_HAL_Driver/Src/stm32f4xx_hal.o
                0x20000994                uwTick
 .bss.KernelState
                0x20000998        0x4 ./Middlewares/Third_Party/FreeRTOS/Source/CMSIS_RTOS_V2/cmsis_os2.o
 .bss.Idle_TCB.3
                0x2000099c       0x5c ./Middlewares/Third_Party/FreeRTOS/Source/CMSIS_RTOS_V2/cmsis_os2.o
 .bss.Idle_Stack.2
                0x200009f8      0x200 ./Middlewares/Third_Party/FreeRTOS/Source/CMSIS_RTOS_V2/cmsis_os2.o
 .bss.Timer_TCB.1
                0x20000bf8       0x5c ./Middlewares/Third_Party/FreeRTOS/Source/CMSIS_RTOS_V2/cmsis_os2.o
 .bss.Timer_Stack.0
                0x20000c54      0x400 ./Middlewares/Third_Party/FreeRTOS/Source/CMSIS_RTOS_V2/cmsis_os2.o
 .bss.xQueueRegistry
                0x20001054       0x40 ./Middlewares/Third_Party/FreeRTOS/Source/queue.o
                0x20001054                xQueueRegistry
 .bss.pxCurrentTCB
                0x20001094        0x4 ./Middlewares/Third_Party/FreeRTOS/Source/tasks.o
                0x20001094                pxCurrentTCB
 .bss.pxReadyTasksLists
                0x20001098      0x460 ./Middlewares/Third_Party/FreeRTOS/Source/tasks.o
 .bss.xDelayedTaskList1
                0x200014f8       0x14 ./Middlewares/Third_Party/FreeRTOS/Source/tasks.o
 .bss.xDelayedTaskList2
                0x2000150c       0x14 ./Middlewares/Third_Party/FreeRTOS/Source/tasks.o
 .bss.pxDelayedTaskList
                0x20001520        0x4 ./Middlewares/Third_Party/FreeRTOS/Source/tasks.o
 .bss.pxOverflowDelayedTaskList
                0x20001524        0x4 ./Middlewares/Third_Party/FreeRTOS/Source/tasks.o
 .bss.xPendingReadyList
                0x20001528       0x14 ./Middlewares/Third_Party/FreeRTOS/Source/tasks.o
 .bss.xTasksWaitingTermination
                0x2000153c       0x14 ./Middlewares/Third_Party/FreeRTOS/Source/tasks.o
 .bss.uxDeletedTasksWaitingCleanUp
                0x20001550        0x4 ./Middlewares/Third_Party/FreeRTOS/Source/tasks.o
 .bss.xSuspendedTaskList
                0x20001554       0x14 ./Middlewares/Third_Party/FreeRTOS/Source/tasks.o
 .bss.uxCurrentNumberOfTasks
                0x20001568        0x4 ./Middlewares/Third_Party/FreeRTOS/Source/tasks.o
 .bss.xTickCount
                0x2000156c        0x4 ./Middlewares/Third_Party/FreeRTOS/Source/tasks.o
 .bss.uxTopReadyPriority
                0x20001570        0x4 ./Middlewares/Third_Party/FreeRTOS/Source/tasks.o
 .bss.xSchedulerRunning
                0x20001574        0x4 ./Middlewares/Third_Party/FreeRTOS/Source/tasks.o
 .bss.xPendedTicks
                0x20001578        0x4 ./Middlewares/Third_Party/FreeRTOS/Source/tasks.o
 .bss.xYieldPending
                0x2000157c        0x4 ./Middlewares/Third_Party/FreeRTOS/Source/tasks.o
 .bss.xNumOfOverflows
                0x20001580        0x4 ./Middlewares/Third_Party/FreeRTOS/Source/tasks.o
 .bss.uxTaskNumber
                0x20001584        0x4 ./Middlewares/Third_Party/FreeRTOS/Source/tasks.o
 .bss.xNextTaskUnblockTime
                0x20001588        0x4 ./Middlewares/Third_Party/FreeRTOS/Source/tasks.o
 .bss.xIdleTaskHandle
                0x2000158c        0x4 ./Middlewares/Third_Party/FreeRTOS/Source/tasks.o
 .bss.uxSchedulerSuspended
                0x20001590        0x4 ./Middlewares/Third_Party/FreeRTOS/Source/tasks.o
 .bss.xActiveTimerList1
                0x20001594       0x14 ./Middlewares/Third_Party/FreeRTOS/Source/timers.o
 .bss.xActiveTimerList2
                0x200015a8       0x14 ./Middlewares/Third_Party/FreeRTOS/Source/timers.o
 .bss.pxCurrentTimerList
                0x200015bc        0x4 ./Middlewares/Third_Party/FreeRTOS/Source/timers.o
 .bss.pxOverflowTimerList
                0x200015c0        0x4 ./Middlewares/Third_Party/FreeRTOS/Source/timers.o
 .bss.xTimerQueue
                0x200015c4        0x4 ./Middlewares/Third_Party/FreeRTOS/Source/timers.o
 .bss.xTimerTaskHandle
                0x200015c8        0x4 ./Middlewares/Third_Party/FreeRTOS/Source/timers.o
 .bss.xLastTime.2
                0x200015cc        0x4 ./Middlewares/Third_Party/FreeRTOS/Source/timers.o
 .bss.ucStaticTimerQueueStorage.1
                0x200015d0       0xa0 ./Middlewares/Third_Party/FreeRTOS/Source/timers.o
 .bss.xStaticTimerQueue.0
                0x20001670       0x50 ./Middlewares/Third_Party/FreeRTOS/Source/timers.o
 .bss.ucMaxSysCallPriority
                0x200016c0        0x1 ./Middlewares/Third_Party/FreeRTOS/Source/portable/GCC/ARM_CM4F/port.o
 *fill*         0x200016c1        0x3 
 .bss.ulMaxPRIGROUPValue
                0x200016c4        0x4 ./Middlewares/Third_Party/FreeRTOS/Source/portable/GCC/ARM_CM4F/port.o
 .bss.ucHeap    0x200016c8     0x3c00 ./Middlewares/Third_Party/FreeRTOS/Source/portable/MemMang/heap_4.o
 .bss.xStart    0x200052c8        0x8 ./Middlewares/Third_Party/FreeRTOS/Source/portable/MemMang/heap_4.o
 .bss.pxEnd     0x200052d0        0x4 ./Middlewares/Third_Party/FreeRTOS/Source/portable/MemMang/heap_4.o
 .bss.xFreeBytesRemaining
                0x200052d4        0x4 ./Middlewares/Third_Party/FreeRTOS/Source/portable/MemMang/heap_4.o
 .bss.xMinimumEverFreeBytesRemaining
                0x200052d8        0x4 ./Middlewares/Third_Party/FreeRTOS/Source/portable/MemMang/heap_4.o
 .bss.xNumberOfSuccessfulAllocations
                0x200052dc        0x4 ./Middlewares/Third_Party/FreeRTOS/Source/portable/MemMang/heap_4.o
 .bss.xNumberOfSuccessfulFrees
                0x200052e0        0x4 ./Middlewares/Third_Party/FreeRTOS/Source/portable/MemMang/heap_4.o
 .bss.xBlockAllocatedBit
                0x200052e4        0x4 ./Middlewares/Third_Party/FreeRTOS/Source/portable/MemMang/heap_4.o
 .bss.__sf      0x200052e8      0x138 C:/ST/STM32CubeIDE_1.16.1/STM32CubeIDE/plugins/com.st.stm32cube.ide.mcu.externaltools.gnu-tools-for-stm32.12.3.rel1.win32_1.0.200.202406191623/tools/bin/../lib/gcc/arm-none-eabi/12.3.1/../../../../arm-none-eabi/lib/thumb/v7e-m+fp/hard\libc_nano.a(libc_a-findfp.o)
                0x200052e8                __sf
 .bss.errno     0x20005420        0x4 C:/ST/STM32CubeIDE_1.16.1/STM32CubeIDE/plugins/com.st.stm32cube.ide.mcu.externaltools.gnu-tools-for-stm32.12.3.rel1.win32_1.0.200.202406191623/tools/bin/../lib/gcc/arm-none-eabi/12.3.1/../../../../arm-none-eabi/lib/thumb/v7e-m+fp/hard\libc_nano.a(libc_a-reent.o)
                0x20005420                errno
 .bss.__lock___malloc_recursive_mutex
                0x20005424        0x1 C:/ST/STM32CubeIDE_1.16.1/STM32CubeIDE/plugins/com.st.stm32cube.ide.mcu.externaltools.gnu-tools-for-stm32.12.3.rel1.win32_1.0.200.202406191623/tools/bin/../lib/gcc/arm-none-eabi/12.3.1/../../../../arm-none-eabi/lib/thumb/v7e-m+fp/hard\libc_nano.a(libc_a-lock.o)
                0x20005424                __lock___malloc_recursive_mutex
 *fill*         0x20005425        0x3 
 .bss.__malloc_sbrk_start
                0x20005428        0x4 C:/ST/STM32CubeIDE_1.16.1/STM32CubeIDE/plugins/com.st.stm32cube.ide.mcu.externaltools.gnu-tools-for-stm32.12.3.rel1.win32_1.0.200.202406191623/tools/bin/../lib/gcc/arm-none-eabi/12.3.1/../../../../arm-none-eabi/lib/thumb/v7e-m+fp/hard\libc_nano.a(libc_a-mallocr.o)
                0x20005428                __malloc_sbrk_start
 .bss.__malloc_free_list
                0x2000542c        0x4 C:/ST/STM32CubeIDE_1.16.1/STM32CubeIDE/plugins/com.st.stm32cube.ide.mcu.externaltools.gnu-tools-for-stm32.12.3.rel1.win32_1.0.200.202406191623/tools/bin/../lib/gcc/arm-none-eabi/12.3.1/../../../../arm-none-eabi/lib/thumb/v7e-m+fp/hard\libc_nano.a(libc_a-mallocr.o)
                0x2000542c                __malloc_free_list
 *(COMMON)
                0x20005430                        . = ALIGN (0x4)
                0x20005430                        _ebss = .
                0x20005430                        __bss_end__ = _ebss

._user_heap_stack
                0x20005430      0x600 load address 0x0800c8a0
                0x20005430                        . = ALIGN (0x8)
                [!provide]                        PROVIDE (end = .)
                0x20005430                        PROVIDE (_end = .)